2024-10-22T03:54:09.795886+00:00 Ubuntu systemd[1]: Mounted dev-hugepages.mount - Huge Pages File System.
2024-10-22T03:54:09.796283+00:00 Ubuntu systemd[1]: Mounted dev-mqueue.mount - POSIX Message Queue File System.
2024-10-22T03:54:09.796300+00:00 Ubuntu systemd[1]: Mounted sys-kernel-debug.mount - Kernel Debug File System.
2024-10-22T03:54:09.796306+00:00 Ubuntu systemd[1]: Mounted sys-kernel-tracing.mount - Kernel Trace File System.
2024-10-22T03:54:09.796312+00:00 Ubuntu systemd[1]: Finished kmod-static-nodes.service - Create List of Static Device Nodes.
2024-10-22T03:54:09.796318+00:00 Ubuntu systemd[1]: modprobe@configfs.service: Deactivated successfully.
2024-10-22T03:54:09.796323+00:00 Ubuntu systemd[1]: Finished modprobe@configfs.service - Load Kernel Module configfs.
2024-10-22T03:54:09.796329+00:00 Ubuntu systemd[1]: modprobe@dm_mod.service: Deactivated successfully.
2024-10-22T03:54:09.796341+00:00 Ubuntu systemd[1]: Finished modprobe@dm_mod.service - Load Kernel Module dm_mod.
2024-10-22T03:54:09.796347+00:00 Ubuntu systemd[1]: modprobe@drm.service: Deactivated successfully.
2024-10-22T03:54:09.796353+00:00 Ubuntu systemd[1]: Finished modprobe@drm.service - Load Kernel Module drm.
2024-10-22T03:54:09.796358+00:00 Ubuntu systemd[1]: modprobe@efi_pstore.service: Deactivated successfully.
2024-10-22T03:54:09.796364+00:00 Ubuntu systemd[1]: Finished modprobe@efi_pstore.service - Load Kernel Module efi_pstore.
2024-10-22T03:54:09.796370+00:00 Ubuntu systemd[1]: modprobe@fuse.service: Deactivated successfully.
2024-10-22T03:54:09.796379+00:00 Ubuntu systemd[1]: Finished modprobe@fuse.service - Load Kernel Module fuse.
2024-10-22T03:54:09.796385+00:00 Ubuntu systemd[1]: modprobe@loop.service: Deactivated successfully.
2024-10-22T03:54:09.796390+00:00 Ubuntu systemd[1]: Finished modprobe@loop.service - Load Kernel Module loop.
2024-10-22T03:54:09.796396+00:00 Ubuntu systemd-modules-load[248]: Inserted module 'lp'
2024-10-22T03:54:09.796402+00:00 Ubuntu systemd[1]: Mounting sys-fs-fuse-connections.mount - FUSE Control File System...
2024-10-22T03:54:09.796407+00:00 Ubuntu systemd-modules-load[248]: Inserted module 'ppdev'
2024-10-22T03:54:09.796412+00:00 Ubuntu systemd[1]: Mounting sys-kernel-config.mount - Kernel Configuration File System...
2024-10-22T03:54:09.796422+00:00 Ubuntu systemd[1]: systemd-repart.service - Repartition Root Disk was skipped because no trigger condition checks were met.
2024-10-22T03:54:09.796429+00:00 Ubuntu systemd-modules-load[248]: Inserted module 'parport_pc'
2024-10-22T03:54:09.796434+00:00 Ubuntu systemd[1]: Starting systemd-tmpfiles-setup-dev-early.service - Create Static Device Nodes in /dev gracefully...
2024-10-22T03:54:09.796440+00:00 Ubuntu systemd-modules-load[248]: Inserted module 'msr'
2024-10-22T03:54:09.796446+00:00 Ubuntu systemd[1]: Finished systemd-remount-fs.service - Remount Root and Kernel File Systems.
2024-10-22T03:54:09.796456+00:00 Ubuntu systemd[1]: Finished keyboard-setup.service - Set the console keyboard layout.
2024-10-22T03:54:09.796462+00:00 Ubuntu systemd[1]: Finished systemd-modules-load.service - Load Kernel Modules.
2024-10-22T03:54:09.796467+00:00 Ubuntu systemd[1]: Starting cloud-init-local.service - Initial cloud-init job (pre-networking)...
2024-10-22T03:54:09.796472+00:00 Ubuntu systemd[1]: systemd-hwdb-update.service - Rebuild Hardware Database was skipped because no trigger condition checks were met.
2024-10-22T03:54:09.796478+00:00 Ubuntu systemd[1]: Starting systemd-journal-flush.service - Flush Journal to Persistent Storage...
2024-10-22T03:54:09.796483+00:00 Ubuntu systemd[1]: systemd-pstore.service - Platform Persistent Storage Archival was skipped because of an unmet condition check (ConditionDirectoryNotEmpty=/sys/fs/pstore).
2024-10-22T03:54:09.796493+00:00 Ubuntu systemd[1]: Starting systemd-random-seed.service - Load/Save OS Random Seed...
2024-10-22T03:54:09.796499+00:00 Ubuntu systemd[1]: Starting systemd-sysctl.service - Apply Kernel Variables...
2024-10-22T03:54:09.796504+00:00 Ubuntu systemd[1]: systemd-tpm2-setup.service - TPM2 SRK Setup was skipped because of an unmet condition check (ConditionSecurity=measured-uki).
2024-10-22T03:54:09.796509+00:00 Ubuntu systemd[1]: Mounted sys-fs-fuse-connections.mount - FUSE Control File System.
2024-10-22T03:54:09.796514+00:00 Ubuntu systemd[1]: Mounted sys-kernel-config.mount - Kernel Configuration File System.
2024-10-22T03:54:09.796519+00:00 Ubuntu systemd[1]: Finished systemd-tmpfiles-setup-dev-early.service - Create Static Device Nodes in /dev gracefully.
2024-10-22T03:54:09.796528+00:00 Ubuntu systemd[1]: Starting systemd-sysusers.service - Create System Users...
2024-10-22T03:54:09.796534+00:00 Ubuntu systemd[1]: Finished systemd-random-seed.service - Load/Save OS Random Seed.
2024-10-22T03:54:09.796539+00:00 Ubuntu systemd[1]: Finished systemd-journal-flush.service - Flush Journal to Persistent Storage.
2024-10-22T03:54:09.796546+00:00 Ubuntu systemd[1]: Finished systemd-sysctl.service - Apply Kernel Variables.
2024-10-22T03:54:09.796551+00:00 Ubuntu systemd[1]: Finished systemd-udev-trigger.service - Coldplug All udev Devices.
2024-10-22T03:54:09.796556+00:00 Ubuntu systemd-sysusers[286]: Creating group 'gamemode' with GID 986.
2024-10-22T03:54:09.796566+00:00 Ubuntu systemd-sysusers[286]: Creating group 'gnome-initial-setup' with GID 985.
2024-10-22T03:54:09.796573+00:00 Ubuntu systemd[1]: Finished systemd-sysusers.service - Create System Users.
2024-10-22T03:54:09.796578+00:00 Ubuntu systemd[1]: Starting systemd-tmpfiles-setup-dev.service - Create Static Device Nodes in /dev...
2024-10-22T03:54:09.796583+00:00 Ubuntu systemd[1]: Finished systemd-tmpfiles-setup-dev.service - Create Static Device Nodes in /dev.
2024-10-22T03:54:09.796588+00:00 Ubuntu systemd[1]: Reached target local-fs-pre.target - Preparation for Local File Systems.
2024-10-22T03:54:09.796593+00:00 Ubuntu systemd[1]: Mounting snap-bare-5.mount - Mount unit for bare, revision 5...
2024-10-22T03:54:09.796603+00:00 Ubuntu systemd[1]: Mounting snap-core22-1564.mount - Mount unit for core22, revision 1564...
2024-10-22T03:54:09.796611+00:00 Ubuntu systemd[1]: Mounting snap-firefox-4793.mount - Mount unit for firefox, revision 4793...
2024-10-22T03:54:09.796616+00:00 Ubuntu systemd[1]: Mounting snap-firmware\x2dupdater-127.mount - Mount unit for firmware-updater, revision 127...
2024-10-22T03:54:09.796622+00:00 Ubuntu systemd[1]: Mounting snap-gnome\x2d42\x2d2204-176.mount - Mount unit for gnome-42-2204, revision 176...
2024-10-22T03:54:09.796627+00:00 Ubuntu systemd[1]: Mounting snap-gtk\x2dcommon\x2dthemes-1535.mount - Mount unit for gtk-common-themes, revision 1535...
2024-10-22T03:54:09.796637+00:00 Ubuntu systemd[1]: Mounting snap-snap\x2dstore-1173.mount - Mount unit for snap-store, revision 1173...
2024-10-22T03:54:09.796643+00:00 Ubuntu systemd[1]: Mounting snap-snapd-21759.mount - Mount unit for snapd, revision 21759...
2024-10-22T03:54:09.796648+00:00 Ubuntu systemd[1]: Mounting snap-snapd\x2ddesktop\x2dintegration-178.mount - Mount unit for snapd-desktop-integration, revision 178...
2024-10-22T03:54:09.796653+00:00 Ubuntu systemd[1]: Starting systemd-udevd.service - Rule-based Manager for Device Events and Files...
2024-10-22T03:54:09.796659+00:00 Ubuntu systemd[1]: Mounted snap-bare-5.mount - Mount unit for bare, revision 5.
2024-10-22T03:54:09.796727+00:00 Ubuntu systemd[1]: Mounted snap-core22-1564.mount - Mount unit for core22, revision 1564.
2024-10-22T03:54:09.796740+00:00 Ubuntu systemd[1]: Mounted snap-firefox-4793.mount - Mount unit for firefox, revision 4793.
2024-10-22T03:54:09.796746+00:00 Ubuntu systemd[1]: Mounted snap-firmware\x2dupdater-127.mount - Mount unit for firmware-updater, revision 127.
2024-10-22T03:54:09.796752+00:00 Ubuntu systemd[1]: Mounted snap-gnome\x2d42\x2d2204-176.mount - Mount unit for gnome-42-2204, revision 176.
2024-10-22T03:54:09.796758+00:00 Ubuntu systemd[1]: Mounted snap-gtk\x2dcommon\x2dthemes-1535.mount - Mount unit for gtk-common-themes, revision 1535.
2024-10-22T03:54:09.796763+00:00 Ubuntu systemd[1]: Mounted snap-snap\x2dstore-1173.mount - Mount unit for snap-store, revision 1173.
2024-10-22T03:54:09.796774+00:00 Ubuntu systemd[1]: Mounted snap-snapd-21759.mount - Mount unit for snapd, revision 21759.
2024-10-22T03:54:09.796780+00:00 Ubuntu systemd[1]: Mounted snap-snapd\x2ddesktop\x2dintegration-178.mount - Mount unit for snapd-desktop-integration, revision 178.
2024-10-22T03:54:09.796786+00:00 Ubuntu systemd[1]: Reached target snapd.mounts.target - Mounted snaps.
2024-10-22T03:54:09.796791+00:00 Ubuntu systemd[1]: Reached target local-fs.target - Local File Systems.
2024-10-22T03:54:09.796796+00:00 Ubuntu systemd[1]: Listening on systemd-sysext.socket - System Extension Image Management (Varlink).
2024-10-22T03:54:09.796806+00:00 Ubuntu systemd[1]: Starting apparmor.service - Load AppArmor profiles...
2024-10-22T03:54:09.796812+00:00 Ubuntu systemd-udevd[306]: Using default interface naming scheme 'v255'.
2024-10-22T03:54:09.796818+00:00 Ubuntu systemd[1]: Starting console-setup.service - Set console font and keymap...
2024-10-22T03:54:09.796823+00:00 Ubuntu systemd[1]: Starting ldconfig.service - Rebuild Dynamic Linker Cache...
2024-10-22T03:54:09.796828+00:00 Ubuntu systemd[1]: Starting plymouth-read-write.service - Tell Plymouth To Write Out Runtime Data...
2024-10-22T03:54:09.796833+00:00 Ubuntu systemd[1]: Starting systemd-binfmt.service - Set Up Additional Binary Formats...
2024-10-22T03:54:09.796843+00:00 Ubuntu systemd[1]: Starting systemd-tmpfiles-setup.service - Create Volatile Files and Directories...
2024-10-22T03:54:09.796849+00:00 Ubuntu apparmor.systemd[316]: Restarting AppArmor
2024-10-22T03:54:09.796855+00:00 Ubuntu apparmor.systemd[316]: Reloading AppArmor profiles
2024-10-22T03:54:09.796861+00:00 Ubuntu systemd[1]: Starting ufw.service - Uncomplicated firewall...
2024-10-22T03:54:09.796867+00:00 Ubuntu systemd[1]: Finished console-setup.service - Set console font and keymap.
2024-10-22T03:54:09.796872+00:00 Ubuntu systemd[1]: proc-sys-fs-binfmt_misc.automount: Got automount request for /proc/sys/fs/binfmt_misc, triggered by 321 (systemd-binfmt)
2024-10-22T03:54:09.796882+00:00 Ubuntu systemd[1]: Mounting proc-sys-fs-binfmt_misc.mount - Arbitrary Executable File Formats File System...
2024-10-22T03:54:09.796888+00:00 Ubuntu systemd[1]: Finished plymouth-read-write.service - Tell Plymouth To Write Out Runtime Data.
2024-10-22T03:54:09.796894+00:00 Ubuntu systemd[1]: Finished ufw.service - Uncomplicated firewall.
2024-10-22T03:54:09.796900+00:00 Ubuntu systemd[1]: Received SIGRTMIN+20 from PID 158 (plymouthd).
2024-10-22T03:54:09.796905+00:00 Ubuntu systemd[1]: Finished ldconfig.service - Rebuild Dynamic Linker Cache.
2024-10-22T03:54:09.796910+00:00 Ubuntu systemd[1]: Finished systemd-tmpfiles-setup.service - Create Volatile Files and Directories.
2024-10-22T03:54:09.796920+00:00 Ubuntu systemd[1]: systemd-firstboot.service - First Boot Wizard was skipped because of an unmet condition check (ConditionFirstBoot=yes).
2024-10-22T03:54:09.796926+00:00 Ubuntu systemd[1]: first-boot-complete.target - First Boot Complete was skipped because of an unmet condition check (ConditionFirstBoot=yes).
2024-10-22T03:54:09.796932+00:00 Ubuntu systemd[1]: Starting systemd-journal-catalog-update.service - Rebuild Journal Catalog...
2024-10-22T03:54:09.796937+00:00 Ubuntu systemd[1]: systemd-machine-id-commit.service - Commit a transient machine-id on disk was skipped because of an unmet condition check (ConditionPathIsMountPoint=/etc/machine-id).
2024-10-22T03:54:09.796942+00:00 Ubuntu systemd[1]: Starting systemd-oomd.service - Userspace Out-Of-Memory (OOM) Killer...
2024-10-22T03:54:09.796954+00:00 Ubuntu systemd[1]: Starting systemd-resolved.service - Network Name Resolution...
2024-10-22T03:54:09.796961+00:00 Ubuntu systemd[1]: Starting systemd-timesyncd.service - Network Time Synchronization...
2024-10-22T03:54:09.796967+00:00 Ubuntu systemd[1]: Starting systemd-update-utmp.service - Record System Boot/Shutdown in UTMP...
2024-10-22T03:54:09.796973+00:00 Ubuntu systemd[1]: Started systemd-udevd.service - Rule-based Manager for Device Events and Files.
2024-10-22T03:54:09.796978+00:00 Ubuntu systemd[1]: Mounted proc-sys-fs-binfmt_misc.mount - Arbitrary Executable File Formats File System.
2024-10-22T03:54:09.796983+00:00 Ubuntu systemd[1]: Starting plymouth-start.service - Show Plymouth Boot Screen...
2024-10-22T03:54:09.796993+00:00 Ubuntu systemd[1]: Finished systemd-binfmt.service - Set Up Additional Binary Formats.
2024-10-22T03:54:09.796999+00:00 Ubuntu systemd[1]: Finished systemd-journal-catalog-update.service - Rebuild Journal Catalog.
2024-10-22T03:54:09.797005+00:00 Ubuntu systemd[1]: Starting systemd-update-done.service - Update is Completed...
2024-10-22T03:54:09.797010+00:00 Ubuntu systemd[1]: Finished systemd-update-utmp.service - Record System Boot/Shutdown in UTMP.
2024-10-22T03:54:09.797016+00:00 Ubuntu systemd[1]: Finished systemd-update-done.service - Update is Completed.
2024-10-22T03:54:09.797022+00:00 Ubuntu systemd-oomd[351]: No swap; memory pressure usage will be degraded
2024-10-22T03:54:09.797033+00:00 Ubuntu systemd[1]: Started systemd-oomd.service - Userspace Out-Of-Memory (OOM) Killer.
2024-10-22T03:54:09.797039+00:00 Ubuntu systemd-resolved[364]: Positive Trust Anchors:
2024-10-22T03:54:09.797044+00:00 Ubuntu systemd-resolved[364]: . IN DS 20326 8 2 e06d44b80b8f1d39a95c0b0d7c65d08458e880409bbc683457104237c7f8ec8d
2024-10-22T03:54:09.797050+00:00 Ubuntu systemd-resolved[364]: Negative trust anchors: home.arpa 10.in-addr.arpa 16.172.in-addr.arpa 17.172.in-addr.arpa 18.172.in-addr.arpa 19.172.in-addr.arpa 20.172.in-addr.arpa 21.172.in-addr.arpa 22.172.in-addr.arpa 23.172.in-addr.arpa 24.172.in-addr.arpa 25.172.in-addr.arpa 26.172.in-addr.arpa 27.172.in-addr.arpa 28.172.in-addr.arpa 29.172.in-addr.arpa 30.172.in-addr.arpa 31.172.in-addr.arpa 170.0.0.192.in-addr.arpa 171.0.0.192.in-addr.arpa 168.192.in-addr.arpa d.f.ip6.arpa ipv4only.arpa corp home internal intranet lan local private test
2024-10-22T03:54:09.797056+00:00 Ubuntu systemd[1]: Started plymouth-start.service - Show Plymouth Boot Screen.
2024-10-22T03:54:09.797066+00:00 Ubuntu systemd[1]: systemd-ask-password-console.path - Dispatch Password Requests to Console Directory Watch was skipped because of an unmet condition check (ConditionPathExists=!/run/plymouth/pid).
2024-10-22T03:54:09.797072+00:00 Ubuntu systemd[1]: Started systemd-ask-password-plymouth.path - Forward Password Requests to Plymouth Directory Watch.
2024-10-22T03:54:09.797078+00:00 Ubuntu systemd[1]: Reached target cryptsetup.target - Local Encrypted Volumes.
2024-10-22T03:54:09.797084+00:00 Ubuntu systemd[1]: Started systemd-timesyncd.service - Network Time Synchronization.
2024-10-22T03:54:09.797089+00:00 Ubuntu systemd[1]: Reached target time-set.target - System Time Set.
2024-10-22T03:54:09.797095+00:00 Ubuntu systemd-resolved[364]: Using system hostname 'Ubuntu'.
2024-10-22T03:54:09.797105+00:00 Ubuntu systemd[1]: Started systemd-resolved.service - Network Name Resolution.
2024-10-22T03:54:09.797111+00:00 Ubuntu systemd[1]: Reached target nss-lookup.target - Host and Network Name Lookups.
2024-10-22T03:54:09.797117+00:00 Ubuntu cloud-init[474]: Cloud-init v. 24.1.3-0ubuntu3.3 running 'init-local' at Tue, 22 Oct 2024 03:53:31 +0000. Up 15.79 seconds.
2024-10-22T03:54:09.797125+00:00 Ubuntu mtp-probe: checking bus 2, device 2: "/sys/devices/pci0000:00/0000:00:06.0/usb2/2-1"
2024-10-22T03:54:09.797130+00:00 Ubuntu mtp-probe: bus: 2, device: 2 was not an MTP device
2024-10-22T03:54:09.797137+00:00 Ubuntu (udev-worker)[354]: sr0: Process '/usr/bin/unshare -m /usr/bin/snap auto-import --mount=/dev/sr0' failed with exit code 1.
2024-10-22T03:54:09.797149+00:00 Ubuntu systemd[1]: netplan-ovs-cleanup.service - OpenVSwitch configuration for cleanup was skipped because of an unmet condition check (ConditionFileIsExecutable=/usr/bin/ovs-vsctl).
2024-10-22T03:54:09.797156+00:00 Ubuntu (udev-worker)[383]: sda: Process '/usr/bin/unshare -m /usr/bin/snap auto-import --mount=/dev/sda' failed with exit code 1.
2024-10-22T03:54:09.797162+00:00 Ubuntu systemd[1]: Reloading requested from client PID 511 ('systemctl') (unit cloud-init-local.service)...
2024-10-22T03:54:09.797168+00:00 Ubuntu systemd[1]: Reloading...
2024-10-22T03:54:09.797173+00:00 Ubuntu (udev-worker)[623]: sda2: Process '/usr/bin/unshare -m /usr/bin/snap auto-import --mount=/dev/sda2' failed with exit code 1.
2024-10-22T03:54:09.797184+00:00 Ubuntu systemd[1]: Configuration file /run/systemd/system/netplan-ovs-cleanup.service is marked world-inaccessible. This has no effect as configuration data is accessible via APIs without restrictions. Proceeding anyway.
2024-10-22T03:54:09.797190+00:00 Ubuntu (udev-worker)[621]: sda1: Process '/usr/bin/unshare -m /usr/bin/snap auto-import --mount=/dev/sda1' failed with exit code 1.
2024-10-22T03:54:09.797197+00:00 Ubuntu systemd[1]: Reloading finished in 4631 ms.
2024-10-22T03:54:09.797202+00:00 Ubuntu systemd[1]: Listening on systemd-rfkill.socket - Load/Save RF Kill Switch Status /dev/rfkill Watch.
2024-10-22T03:54:09.797208+00:00 Ubuntu systemd[1]: Finished cloud-init-local.service - Initial cloud-init job (pre-networking).
2024-10-22T03:54:09.797213+00:00 Ubuntu systemd[1]: Reached target network-pre.target - Preparation for Network.
2024-10-22T03:54:09.797223+00:00 Ubuntu (udev-worker)[693]: controlC0: Process '/usr/sbin/alsactl -E HOME=/run/alsa -E XDG_RUNTIME_DIR=/run/alsa/runtime restore 0' failed with exit code 99.
2024-10-22T03:54:09.797229+00:00 Ubuntu systemd[1]: systemd-ask-password-console.path - Dispatch Password Requests to Console Directory Watch was skipped because of an unmet condition check (ConditionPathExists=!/run/plymouth/pid).
2024-10-22T03:54:09.797235+00:00 Ubuntu systemd[1]: Starting modprobe@dm_mod.service - Load Kernel Module dm_mod...
2024-10-22T03:54:09.797240+00:00 Ubuntu systemd[1]: Starting modprobe@efi_pstore.service - Load Kernel Module efi_pstore...
2024-10-22T03:54:09.797246+00:00 Ubuntu systemd[1]: Starting modprobe@loop.service - Load Kernel Module loop...
2024-10-22T03:54:09.797255+00:00 Ubuntu systemd[1]: systemd-firstboot.service - First Boot Wizard was skipped because of an unmet condition check (ConditionFirstBoot=yes).
2024-10-22T03:54:09.797261+00:00 Ubuntu systemd[1]: first-boot-complete.target - First Boot Complete was skipped because of an unmet condition check (ConditionFirstBoot=yes).
2024-10-22T03:54:09.797266+00:00 Ubuntu systemd[1]: systemd-hwdb-update.service - Rebuild Hardware Database was skipped because of an unmet condition check (ConditionNeedsUpdate=/etc).
2024-10-22T03:54:09.797271+00:00 Ubuntu systemd[1]: systemd-machine-id-commit.service - Commit a transient machine-id on disk was skipped because of an unmet condition check (ConditionPathIsMountPoint=/etc/machine-id).
2024-10-22T03:54:09.797277+00:00 Ubuntu systemd[1]: systemd-pcrmachine.service - TPM2 PCR Machine ID Measurement was skipped because of an unmet condition check (ConditionSecurity=measured-uki).
2024-10-22T03:54:09.797287+00:00 Ubuntu systemd[1]: systemd-tpm2-setup-early.service - TPM2 SRK Setup (Early) was skipped because of an unmet condition check (ConditionSecurity=measured-uki).
2024-10-22T03:54:09.797293+00:00 Ubuntu systemd[1]: systemd-tpm2-setup.service - TPM2 SRK Setup was skipped because of an unmet condition check (ConditionSecurity=measured-uki).
2024-10-22T03:54:09.797299+00:00 Ubuntu systemd[1]: modprobe@dm_mod.service: Deactivated successfully.
2024-10-22T03:54:09.797304+00:00 Ubuntu systemd[1]: Finished modprobe@dm_mod.service - Load Kernel Module dm_mod.
2024-10-22T03:54:09.797309+00:00 Ubuntu systemd[1]: modprobe@efi_pstore.service: Deactivated successfully.
2024-10-22T03:54:09.797315+00:00 Ubuntu systemd[1]: Finished modprobe@efi_pstore.service - Load Kernel Module efi_pstore.
2024-10-22T03:54:09.797324+00:00 Ubuntu systemd[1]: systemd-pstore.service - Platform Persistent Storage Archival was skipped because of an unmet condition check (ConditionDirectoryNotEmpty=/sys/fs/pstore).
2024-10-22T03:54:09.797330+00:00 Ubuntu systemd[1]: modprobe@loop.service: Deactivated successfully.
2024-10-22T03:54:09.797335+00:00 Ubuntu systemd[1]: Finished modprobe@loop.service - Load Kernel Module loop.
2024-10-22T03:54:09.797340+00:00 Ubuntu systemd[1]: systemd-repart.service - Repartition Root Disk was skipped because no trigger condition checks were met.
2024-10-22T03:54:09.797346+00:00 Ubuntu apparmor.systemd[850]: Warning: found usr.sbin.sssd in /etc/apparmor.d/force-complain, forcing complain mode
2024-10-22T03:54:09.797358+00:00 Ubuntu apparmor.systemd[850]: Warning from /etc/apparmor.d (/etc/apparmor.d/usr.sbin.sssd line 63): Caching disabled for: 'usr.sbin.sssd' due to force complain
2024-10-22T03:54:09.797365+00:00 Ubuntu systemd[1]: Finished apparmor.service - Load AppArmor profiles.
2024-10-22T03:54:09.797370+00:00 Ubuntu systemd[1]: Starting snapd.apparmor.service - Load AppArmor profiles managed internally by snapd...
2024-10-22T03:54:09.797380+00:00 Ubuntu snapd-apparmor[858]: main.go:124: Loading profiles [/var/lib/snapd/apparmor/profiles/snap-confine.snapd.21759 /var/lib/snapd/apparmor/profiles/snap-update-ns.firefox /var/lib/snapd/apparmor/profiles/snap-update-ns.firmware-updater /var/lib/snapd/apparmor/profiles/snap-update-ns.snap-store /var/lib/snapd/apparmor/profiles/snap-update-ns.snapd-desktop-integration /var/lib/snapd/apparmor/profiles/snap.firefox.firefox /var/lib/snapd/apparmor/profiles/snap.firefox.geckodriver /var/lib/snapd/apparmor/profiles/snap.firefox.hook.configure /var/lib/snapd/apparmor/profiles/snap.firefox.hook.disconnect-plug-host-hunspell /var/lib/snapd/apparmor/profiles/snap.firefox.hook.post-refresh /var/lib/snapd/apparmor/profiles/snap.firmware-updater.firmware-notifier /var/lib/snapd/apparmor/profiles/snap.firmware-updater.firmware-updater /var/lib/snapd/apparmor/profiles/snap.firmware-updater.firmware-updater-app /var/lib/snapd/apparmor/profiles/snap.firmware-updater.hook.configure /var/lib/snapd/apparmor/profiles/snap.snap-store.hook.configure /var/lib/snapd/apparmor/profiles/snap.snap-store.show-updates /var/lib/snapd/apparmor/profiles/snap.snap-store.snap-store /var/lib/snapd/apparmor/profiles/snap.snapd-desktop-integration.hook.configure /var/lib/snapd/apparmor/profiles/snap.snapd-desktop-integration.snapd-desktop-integration]
2024-10-22T03:54:09.797392+00:00 Ubuntu systemd[1]: Finished snapd.apparmor.service - Load AppArmor profiles managed internally by snapd.
2024-10-22T03:54:09.797398+00:00 Ubuntu systemd[1]: Reached target sysinit.target - System Initialization.
2024-10-22T03:54:09.797403+00:00 Ubuntu systemd[1]: apport-autoreport.path - Process error reports when automatic reporting is enabled (file watch) was skipped because of an unmet condition check (ConditionPathExists=/var/lib/apport/autoreport).
2024-10-22T03:54:09.797409+00:00 Ubuntu systemd[1]: Started cups.path - CUPS Scheduler.
2024-10-22T03:54:09.797414+00:00 Ubuntu systemd[1]: tpm-udev.path - Handle dynamically added tpm devices was skipped because of an unmet condition check (ConditionVirtualization=container).
2024-10-22T03:54:09.797420+00:00 Ubuntu systemd[1]: Started whoopsie.path - Start whoopsie on modification of the /var/crash directory.
2024-10-22T03:54:09.797430+00:00 Ubuntu systemd[1]: Started anacron.timer - Trigger anacron every hour.
2024-10-22T03:54:09.797436+00:00 Ubuntu systemd[1]: apport-autoreport.timer - Process error reports when automatic reporting is enabled (timer based) was skipped because of an unmet condition check (ConditionPathExists=/var/lib/apport/autoreport).
2024-10-22T03:54:09.797442+00:00 Ubuntu systemd[1]: Started apt-daily.timer - Daily apt download activities.
2024-10-22T03:54:09.797447+00:00 Ubuntu systemd[1]: Started apt-daily-upgrade.timer - Daily apt upgrade and clean activities.
2024-10-22T03:54:09.797452+00:00 Ubuntu systemd[1]: Started dpkg-db-backup.timer - Daily dpkg database backup timer.
2024-10-22T03:54:09.797471+00:00 Ubuntu systemd[1]: Started e2scrub_all.timer - Periodic ext4 Online Metadata Check for All Filesystems.
2024-10-22T03:54:09.797478+00:00 Ubuntu systemd[1]: Started fstrim.timer - Discard unused filesystem blocks once a week.
2024-10-22T03:54:09.797484+00:00 Ubuntu systemd[1]: Started fwupd-refresh.timer - Refresh fwupd metadata regularly.
2024-10-22T03:54:09.797489+00:00 Ubuntu systemd[1]: Started logrotate.timer - Daily rotation of log files.
2024-10-22T03:54:09.797494+00:00 Ubuntu systemd[1]: Started man-db.timer - Daily man-db regeneration.
2024-10-22T03:54:09.797500+00:00 Ubuntu systemd[1]: Started motd-news.timer - Message of the Day.
2024-10-22T03:54:09.797513+00:00 Ubuntu systemd[1]: snapd.snap-repair.timer - Timer to automatically fetch and run repair assertions was skipped because no trigger condition checks were met.
2024-10-22T03:54:09.797519+00:00 Ubuntu systemd[1]: Started sysstat-collect.timer - Run system activity accounting tool every 10 minutes.
2024-10-22T03:54:09.797525+00:00 Ubuntu systemd[1]: Started sysstat-summary.timer - Generate summary of yesterday's process accounting.
2024-10-22T03:54:09.797530+00:00 Ubuntu systemd[1]: Started systemd-tmpfiles-clean.timer - Daily Cleanup of Temporary Directories.
2024-10-22T03:54:09.797536+00:00 Ubuntu systemd[1]: ua-timer.timer - Ubuntu Pro Timer for running repeated jobs was skipped because of an unmet condition check (ConditionPathExists=/var/lib/ubuntu-advantage/private/machine-token.json).
2024-10-22T03:54:09.797541+00:00 Ubuntu systemd[1]: Reached target paths.target - Path Units.
2024-10-22T03:54:09.797555+00:00 Ubuntu systemd[1]: apport-forward.socket - Unix socket for apport crash forwarding was skipped because of an unmet condition check (ConditionVirtualization=container).
2024-10-22T03:54:09.797561+00:00 Ubuntu systemd[1]: Listening on avahi-daemon.socket - Avahi mDNS/DNS-SD Stack Activation Socket.
2024-10-22T03:54:09.797566+00:00 Ubuntu systemd[1]: Listening on cloud-init-hotplugd.socket - cloud-init hotplug hook socket.
2024-10-22T03:54:09.797572+00:00 Ubuntu systemd[1]: Listening on cups.socket - CUPS Scheduler.
2024-10-22T03:54:09.797577+00:00 Ubuntu systemd[1]: Listening on dbus.socket - D-Bus System Message Bus Socket.
2024-10-22T03:54:09.797590+00:00 Ubuntu systemd[1]: Starting snapd.socket - Socket activation for snappy daemon...
2024-10-22T03:54:09.797597+00:00 Ubuntu systemd[1]: Listening on uuidd.socket - UUID daemon activation socket.
2024-10-22T03:54:09.797602+00:00 Ubuntu systemd[1]: systemd-pcrphase-sysinit.service - TPM2 PCR Barrier (Initialization) was skipped because of an unmet condition check (ConditionSecurity=measured-uki).
2024-10-22T03:54:09.797607+00:00 Ubuntu systemd[1]: Listening on snapd.socket - Socket activation for snappy daemon.
2024-10-22T03:54:09.797613+00:00 Ubuntu systemd[1]: Reached target sockets.target - Socket Units.
2024-10-22T03:54:09.797618+00:00 Ubuntu systemd[1]: Reached target basic.target - Basic System.
2024-10-22T03:54:09.797631+00:00 Ubuntu systemd[1]: Started anacron.service - Run anacron jobs.
2024-10-22T03:54:09.797637+00:00 Ubuntu systemd[1]: Starting apport.service - automatic crash report generation...
2024-10-22T03:54:09.797642+00:00 Ubuntu systemd[1]: Starting avahi-daemon.service - Avahi mDNS/DNS-SD Stack...
2024-10-22T03:54:09.797648+00:00 Ubuntu systemd[1]: Starting dbus.service - D-Bus System Message Bus...
2024-10-22T03:54:09.797654+00:00 Ubuntu anacron[885]: Anacron 2.3 started on 2024-10-22
2024-10-22T03:54:09.797713+00:00 Ubuntu anacron[885]: Will run job `cron.daily' in 5 min.
2024-10-22T03:54:09.797729+00:00 Ubuntu anacron[885]: Will run job `cron.weekly' in 10 min.
2024-10-22T03:54:09.797758+00:00 Ubuntu anacron[885]: Will run job `cron.monthly' in 15 min.
2024-10-22T03:54:09.797771+00:00 Ubuntu anacron[885]: Jobs will be executed sequentially
2024-10-22T03:54:09.797783+00:00 Ubuntu systemd[1]: Started dmesg.service - Save initial kernel messages after boot.
2024-10-22T03:54:09.797792+00:00 Ubuntu systemd[1]: Starting e2scrub_reap.service - Remove Stale Online ext4 Metadata Check Snapshots...
2024-10-22T03:54:09.797844+00:00 Ubuntu systemd[1]: getty-static.service - getty on tty2-tty6 if dbus and logind are not available was skipped because of an unmet condition check (ConditionPathExists=!/usr/bin/dbus-daemon).
2024-10-22T03:54:09.797868+00:00 Ubuntu systemd[1]: Reached target getty.target - Login Prompts.
2024-10-22T03:54:09.797901+00:00 Ubuntu avahi-daemon[887]: Found user 'avahi' (UID 108) and group 'avahi' (GID 111).
2024-10-22T03:54:09.797912+00:00 Ubuntu systemd[1]: Starting gnome-remote-desktop.service - GNOME Remote Desktop...
2024-10-22T03:54:09.797917+00:00 Ubuntu systemd[1]: Starting gpu-manager.service - Detect the available GPUs and deal with any system changes...
2024-10-22T03:54:09.797923+00:00 Ubuntu systemd[1]: Starting grub-common.service - Record successful boot for GRUB...
2024-10-22T03:54:09.797929+00:00 Ubuntu systemd[1]: networkd-dispatcher.service - Dispatcher daemon for systemd-networkd was skipped because no trigger condition checks were met.
2024-10-22T03:54:09.797935+00:00 Ubuntu dbus-daemon[888]: dbus[888]: Unknown group "power" in message bus configuration file
2024-10-22T03:54:09.797953+00:00 Ubuntu systemd[1]: Starting polkit.service - Authorization Manager...
2024-10-22T03:54:09.797959+00:00 Ubuntu systemd[1]: Starting power-profiles-daemon.service - Power Profiles daemon...
2024-10-22T03:54:09.797965+00:00 Ubuntu systemd[1]: Starting rsyslog.service - System Logging Service...
2024-10-22T03:54:09.797970+00:00 Ubuntu systemd[1]: secureboot-db.service - Secure Boot updates for DB and DBX was skipped because of an unmet condition check (ConditionPathExists=/sys/firmware/efi/efivars/db-d719b2cb-3d3a-4596-a3bc-dad00e67656f).
2024-10-22T03:54:09.797977+00:00 Ubuntu systemd[1]: snapd.core-fixup.service - Automatically repair incorrect owner/permissions on core devices was skipped because no trigger condition checks were met.
2024-10-22T03:54:09.797991+00:00 Ubuntu systemd[1]: snapd.recovery-chooser-trigger.service - Wait for the Ubuntu Core chooser trigger was skipped because of an unmet condition check (ConditionKernelCommandLine=snapd_recovery_mode).
2024-10-22T03:54:09.797997+00:00 Ubuntu systemd[1]: Reached target getty-pre.target - Preparation for Logins.
2024-10-22T03:54:09.798003+00:00 Ubuntu systemd[1]: Starting snapd.seeded.service - Wait until snapd is fully seeded...
2024-10-22T03:54:09.798008+00:00 Ubuntu systemd[1]: Starting snapd.service - Snap Daemon...
2024-10-22T03:54:09.798014+00:00 Ubuntu systemd[1]: Starting ssl-cert.service - Generate snakeoil SSL keypair...
2024-10-22T03:54:09.798019+00:00 Ubuntu dbus-daemon[888]: [system] AppArmor D-Bus mediation is enabled
2024-10-22T03:54:09.798032+00:00 Ubuntu systemd[1]: sssd.service - System Security Services Daemon was skipped because no trigger condition checks were met.
2024-10-22T03:54:09.798039+00:00 Ubuntu systemd[1]: Reached target nss-user-lookup.target - User and Group Name Lookups.
2024-10-22T03:54:09.798044+00:00 Ubuntu systemd[1]: sssd-nss.socket: Bound to unit sssd.service, but unit isn't active.
2024-10-22T03:54:09.798050+00:00 Ubuntu systemd[1]: Dependency failed for sssd-nss.socket - SSSD NSS Service responder socket.
2024-10-22T03:54:09.798055+00:00 Ubuntu systemd[1]: sssd-nss.socket: Job sssd-nss.socket/start failed with result 'dependency'.
2024-10-22T03:54:09.798060+00:00 Ubuntu systemd[1]: sssd-autofs.socket: Bound to unit sssd.service, but unit isn't active.
2024-10-22T03:54:09.798073+00:00 Ubuntu systemd[1]: Dependency failed for sssd-autofs.socket - SSSD AutoFS Service responder socket.
2024-10-22T03:54:09.798079+00:00 Ubuntu systemd[1]: sssd-autofs.socket: Job sssd-autofs.socket/start failed with result 'dependency'.
2024-10-22T03:54:09.798086+00:00 Ubuntu systemd[1]: sssd-pac.socket: Bound to unit sssd.service, but unit isn't active.
2024-10-22T03:54:09.798092+00:00 Ubuntu systemd[1]: Dependency failed for sssd-pac.socket - SSSD PAC Service responder socket.
2024-10-22T03:54:09.798097+00:00 Ubuntu systemd[1]: sssd-pac.socket: Job sssd-pac.socket/start failed with result 'dependency'.
2024-10-22T03:54:09.798110+00:00 Ubuntu systemd[1]: sssd-pam-priv.socket: Bound to unit sssd.service, but unit isn't active.
2024-10-22T03:54:09.798117+00:00 Ubuntu systemd[1]: Dependency failed for sssd-pam-priv.socket - SSSD PAM Service responder private socket.
2024-10-22T03:54:09.798124+00:00 Ubuntu systemd[1]: Dependency failed for sssd-pam.socket - SSSD PAM Service responder socket.
2024-10-22T03:54:09.798129+00:00 Ubuntu systemd[1]: sssd-pam.socket: Job sssd-pam.socket/start failed with result 'dependency'.
2024-10-22T03:54:09.798135+00:00 Ubuntu systemd[1]: sssd-pam-priv.socket: Job sssd-pam-priv.socket/start failed with result 'dependency'.
2024-10-22T03:54:09.798140+00:00 Ubuntu systemd[1]: sssd-ssh.socket: Bound to unit sssd.service, but unit isn't active.
2024-10-22T03:54:09.798154+00:00 Ubuntu systemd[1]: Dependency failed for sssd-ssh.socket - SSSD SSH Service responder socket.
2024-10-22T03:54:09.798160+00:00 Ubuntu systemd[1]: sssd-ssh.socket: Job sssd-ssh.socket/start failed with result 'dependency'.
2024-10-22T03:54:09.798166+00:00 Ubuntu systemd[1]: sssd-sudo.socket: Bound to unit sssd.service, but unit isn't active.
2024-10-22T03:54:09.798171+00:00 Ubuntu systemd[1]: Dependency failed for sssd-sudo.socket - SSSD Sudo Service responder socket.
2024-10-22T03:54:09.798176+00:00 Ubuntu systemd[1]: sssd-sudo.socket: Job sssd-sudo.socket/start failed with result 'dependency'.
2024-10-22T03:54:09.798190+00:00 Ubuntu systemd[1]: Starting accounts-daemon.service - Accounts Service...
2024-10-22T03:54:09.798196+00:00 Ubuntu systemd[1]: Started cron.service - Regular background program processing daemon.
2024-10-22T03:54:09.798203+00:00 Ubuntu systemd[1]: Starting switcheroo-control.service - Switcheroo Control Proxy service...
2024-10-22T03:54:09.798209+00:00 Ubuntu dbus-daemon[888]: [system] Activating systemd to hand-off: service name='org.freedesktop.PolicyKit1' unit='polkit.service' requested by ':1.3' (uid=0 pid=896 comm="/usr/libexec/power-profiles-daemon" label="unconfined")
2024-10-22T03:54:09.798215+00:00 Ubuntu systemd[1]: Starting sysstat.service - Resets System Activity Logs...
2024-10-22T03:54:09.798220+00:00 Ubuntu (cron)[915]: cron.service: Referenced but unset environment variable evaluates to an empty string: EXTRA_OPTS
2024-10-22T03:54:09.798234+00:00 Ubuntu cron[915]: (CRON) INFO (pidfile fd = 3)
2024-10-22T03:54:09.798240+00:00 Ubuntu cron[915]: (CRON) INFO (Running @reboot jobs)
2024-10-22T03:54:09.798246+00:00 Ubuntu systemd[1]: Starting systemd-logind.service - User Login Management...
2024-10-22T03:54:09.798251+00:00 Ubuntu systemd[1]: systemd-pcrphase.service - TPM2 PCR Barrier (User) was skipped because of an unmet condition check (ConditionSecurity=measured-uki).
2024-10-22T03:54:09.798256+00:00 Ubuntu systemd[1]: thermald.service - Thermal Daemon Service was skipped because of an unmet condition check (ConditionVirtualization=no).
2024-10-22T03:54:09.798262+00:00 Ubuntu systemd[1]: ua-reboot-cmds.service - Ubuntu Pro reboot cmds was skipped because of an unmet condition check (ConditionPathExists=/var/lib/ubuntu-advantage/private/machine-token.json).
2024-10-22T03:54:09.798277+00:00 Ubuntu systemd[1]: Starting udisks2.service - Disk Manager...
2024-10-22T03:54:09.798286+00:00 Ubuntu systemd[1]: Started dbus.service - D-Bus System Message Bus.
2024-10-22T03:54:09.798291+00:00 Ubuntu systemd[1]: e2scrub_reap.service: Deactivated successfully.
2024-10-22T03:54:09.798297+00:00 Ubuntu systemd[1]: Finished e2scrub_reap.service - Remove Stale Online ext4 Metadata Check Snapshots.
2024-10-22T03:54:09.798302+00:00 Ubuntu systemd[1]: Finished sysstat.service - Resets System Activity Logs.
2024-10-22T03:54:09.798307+00:00 Ubuntu avahi-daemon[887]: Successfully dropped root privileges.
2024-10-22T03:54:09.798321+00:00 Ubuntu avahi-daemon[887]: avahi-daemon 0.8 starting up.
2024-10-22T03:54:09.798327+00:00 Ubuntu avahi-daemon[887]: Successfully called chroot().
2024-10-22T03:54:09.798332+00:00 Ubuntu avahi-daemon[887]: Successfully dropped remaining capabilities.
2024-10-22T03:54:09.798338+00:00 Ubuntu avahi-daemon[887]: No service file found in /etc/avahi/services.
2024-10-22T03:54:09.798344+00:00 Ubuntu avahi-daemon[887]: Joining mDNS multicast group on interface lo.IPv6 with address ::1.
2024-10-22T03:54:09.798350+00:00 Ubuntu avahi-daemon[887]: New relevant interface lo.IPv6 for mDNS.
2024-10-22T03:54:09.798363+00:00 Ubuntu avahi-daemon[887]: Joining mDNS multicast group on interface lo.IPv4 with address 127.0.0.1.
2024-10-22T03:54:09.798369+00:00 Ubuntu avahi-daemon[887]: New relevant interface lo.IPv4 for mDNS.
2024-10-22T03:54:09.798375+00:00 Ubuntu avahi-daemon[887]: Network interface enumeration completed.
2024-10-22T03:54:09.798381+00:00 Ubuntu avahi-daemon[887]: Registering new address record for ::1 on lo.*.
2024-10-22T03:54:09.798387+00:00 Ubuntu avahi-daemon[887]: Registering new address record for 127.0.0.1 on lo.IPv4.
2024-10-22T03:54:09.798420+00:00 Ubuntu dbus-daemon[888]: [system] Successfully activated service 'org.freedesktop.systemd1'
2024-10-22T03:54:09.798432+00:00 Ubuntu systemd[1]: Started systemd-logind.service - User Login Management.
2024-10-22T03:54:09.798438+00:00 Ubuntu systemd[1]: Started avahi-daemon.service - Avahi mDNS/DNS-SD Stack.
2024-10-22T03:54:09.798451+00:00 Ubuntu systemd[1]: Started switcheroo-control.service - Switcheroo Control Proxy service.
2024-10-22T03:54:09.798457+00:00 Ubuntu systemd[1]: Starting NetworkManager.service - Network Manager...
2024-10-22T03:54:09.798463+00:00 Ubuntu systemd[1]: alsa-state.service - Manage Sound Card State (restore and store) was skipped because of an unmet condition check (ConditionPathExists=/etc/alsa/state-daemon.conf).
2024-10-22T03:54:09.798468+00:00 Ubuntu udisksd[931]: udisks daemon version 2.10.1 starting
2024-10-22T03:54:09.798474+00:00 Ubuntu systemd[1]: Starting alsa-restore.service - Save/Restore Sound Card State...
2024-10-22T03:54:09.798480+00:00 Ubuntu systemd[1]: Starting wpa_supplicant.service - WPA supplicant...
2024-10-22T03:54:09.798493+00:00 Ubuntu systemd[1]: Finished apport.service - automatic crash report generation.
2024-10-22T03:54:09.798499+00:00 Ubuntu avahi-daemon[887]: Server startup complete. Host name is Ubuntu.local. Local service cookie is 2080099901.
2024-10-22T03:54:09.798504+00:00 Ubuntu polkitd[895]: Started polkitd version 124
2024-10-22T03:54:09.798521+00:00 Ubuntu systemd[1]: Cannot find unit for notify message of PID 962, ignoring.
2024-10-22T03:54:09.795609+00:00 Ubuntu rsyslogd: imuxsock: Acquired UNIX socket '/run/systemd/journal/syslog' (fd 3) from systemd.  [v8.2312.0]
2024-10-22T03:54:09.796169+00:00 Ubuntu kernel: Linux version 6.8.0-47-generic (buildd@lcy02-amd64-023) (x86_64-linux-gnu-gcc-13 (Ubuntu 13.2.0-23ubuntu4) 13.2.0, GNU ld (GNU Binutils for Ubuntu) 2.42) #47-Ubuntu SMP PREEMPT_DYNAMIC Fri Sep 27 21:40:26 UTC 2024 (Ubuntu 6.8.0-47.47-generic 6.8.12)
2024-10-22T03:54:09.826586+00:00 Ubuntu kernel: Command line: BOOT_IMAGE=/boot/vmlinuz-6.8.0-47-generic root=UUID=f5633202-e0b7-438c-8293-fc119e5ea46b ro quiet splash
2024-10-22T03:54:09.826595+00:00 Ubuntu kernel: KERNEL supported cpus:
2024-10-22T03:54:09.826596+00:00 Ubuntu kernel:   Intel GenuineIntel
2024-10-22T03:54:09.826596+00:00 Ubuntu kernel:   AMD AuthenticAMD
2024-10-22T03:54:09.826597+00:00 Ubuntu kernel:   Hygon HygonGenuine
2024-10-22T03:54:09.826598+00:00 Ubuntu kernel:   Centaur CentaurHauls
2024-10-22T03:54:09.826601+00:00 Ubuntu kernel:   zhaoxin   Shanghai  
2024-10-22T03:54:09.826603+00:00 Ubuntu kernel: BIOS-provided physical RAM map:
2024-10-22T03:54:09.826604+00:00 Ubuntu kernel: BIOS-e820: [mem 0x0000000000000000-0x000000000009fbff] usable
2024-10-22T03:54:09.826604+00:00 Ubuntu kernel: BIOS-e820: [mem 0x000000000009fc00-0x000000000009ffff] reserved
2024-10-22T03:54:09.826605+00:00 Ubuntu kernel: BIOS-e820: [mem 0x00000000000f0000-0x00000000000fffff] reserved
2024-10-22T03:54:09.826606+00:00 Ubuntu kernel: BIOS-e820: [mem 0x0000000000100000-0x00000000dffeffff] usable
2024-10-22T03:54:09.826609+00:00 Ubuntu kernel: BIOS-e820: [mem 0x00000000dfff0000-0x00000000dfffffff] ACPI data
2024-10-22T03:54:09.826610+00:00 Ubuntu kernel: BIOS-e820: [mem 0x00000000fec00000-0x00000000fec00fff] reserved
2024-10-22T03:54:09.826610+00:00 Ubuntu kernel: BIOS-e820: [mem 0x00000000fee00000-0x00000000fee00fff] reserved
2024-10-22T03:54:09.826611+00:00 Ubuntu kernel: BIOS-e820: [mem 0x00000000fffc0000-0x00000000ffffffff] reserved
2024-10-22T03:54:09.826611+00:00 Ubuntu kernel: BIOS-e820: [mem 0x0000000100000000-0x000000010fffffff] usable
2024-10-22T03:54:09.826612+00:00 Ubuntu kernel: NX (Execute Disable) protection: active
2024-10-22T03:54:09.826612+00:00 Ubuntu kernel: APIC: Static calls initialized
2024-10-22T03:54:09.826615+00:00 Ubuntu kernel: SMBIOS 2.5 present.
2024-10-22T03:54:09.826616+00:00 Ubuntu kernel: DMI: innotek GmbH VirtualBox/VirtualBox, BIOS VirtualBox 12/01/2006
2024-10-22T03:54:09.826616+00:00 Ubuntu kernel: Hypervisor detected: KVM
2024-10-22T03:54:09.826617+00:00 Ubuntu kernel: kvm-clock: Using msrs 4b564d01 and 4b564d00
2024-10-22T03:54:09.826617+00:00 Ubuntu kernel: kvm-clock: using sched offset of 5118883696389 cycles
2024-10-22T03:54:09.826618+00:00 Ubuntu kernel: clocksource: kvm-clock: mask: 0xffffffffffffffff max_cycles: 0x1cd42e4dffb, max_idle_ns: 881590591483 ns
2024-10-22T03:54:09.826621+00:00 Ubuntu kernel: tsc: Detected 3192.746 MHz processor
2024-10-22T03:54:09.826622+00:00 Ubuntu kernel: e820: update [mem 0x00000000-0x00000fff] usable ==> reserved
2024-10-22T03:54:09.826622+00:00 Ubuntu kernel: e820: remove [mem 0x000a0000-0x000fffff] usable
2024-10-22T03:54:09.826623+00:00 Ubuntu kernel: last_pfn = 0x110000 max_arch_pfn = 0x400000000
2024-10-22T03:54:09.826623+00:00 Ubuntu kernel: MTRR map: 3 entries (3 fixed + 0 variable; max 19), built from 8 variable MTRRs
2024-10-22T03:54:09.826624+00:00 Ubuntu kernel: x86/PAT: Configuration [0-7]: WB  WC  UC- UC  WB  WP  UC- WT  
2024-10-22T03:54:09.826626+00:00 Ubuntu kernel: CPU MTRRs all blank - virtualized system.
2024-10-22T03:54:09.826627+00:00 Ubuntu kernel: last_pfn = 0xdfff0 max_arch_pfn = 0x400000000
2024-10-22T03:54:09.826628+00:00 Ubuntu kernel: found SMP MP-table at [mem 0x0009fff0-0x0009ffff]
2024-10-22T03:54:09.826629+00:00 Ubuntu kernel: RAMDISK: [mem 0x302a3000-0x34148fff]
2024-10-22T03:54:09.826629+00:00 Ubuntu kernel: ACPI: Early table checksum verification disabled
2024-10-22T03:54:09.826630+00:00 Ubuntu kernel: ACPI: RSDP 0x00000000000E0000 000024 (v02 VBOX  )
2024-10-22T03:54:09.826630+00:00 Ubuntu kernel: ACPI: XSDT 0x00000000DFFF0030 00003C (v01 VBOX   VBOXXSDT 00000001 ASL  00000061)
2024-10-22T03:54:09.826633+00:00 Ubuntu kernel: ACPI: FACP 0x00000000DFFF00F0 0000F4 (v04 VBOX   VBOXFACP 00000001 ASL  00000061)
2024-10-22T03:54:09.826634+00:00 Ubuntu kernel: ACPI: DSDT 0x00000000DFFF0610 002353 (v02 VBOX   VBOXBIOS 00000002 INTL 20100528)
2024-10-22T03:54:09.826634+00:00 Ubuntu kernel: ACPI: FACS 0x00000000DFFF0200 000040
2024-10-22T03:54:09.826635+00:00 Ubuntu kernel: ACPI: FACS 0x00000000DFFF0200 000040
2024-10-22T03:54:09.826638+00:00 Ubuntu kernel: ACPI: APIC 0x00000000DFFF0240 000054 (v02 VBOX   VBOXAPIC 00000001 ASL  00000061)
2024-10-22T03:54:09.826638+00:00 Ubuntu kernel: ACPI: SSDT 0x00000000DFFF02A0 00036C (v01 VBOX   VBOXCPUT 00000002 INTL 20100528)
2024-10-22T03:54:09.826641+00:00 Ubuntu kernel: ACPI: Reserving FACP table memory at [mem 0xdfff00f0-0xdfff01e3]
2024-10-22T03:54:09.826643+00:00 Ubuntu kernel: ACPI: Reserving DSDT table memory at [mem 0xdfff0610-0xdfff2962]
2024-10-22T03:54:09.826643+00:00 Ubuntu kernel: ACPI: Reserving FACS table memory at [mem 0xdfff0200-0xdfff023f]
2024-10-22T03:54:09.826644+00:00 Ubuntu kernel: ACPI: Reserving FACS table memory at [mem 0xdfff0200-0xdfff023f]
2024-10-22T03:54:09.826646+00:00 Ubuntu kernel: ACPI: Reserving APIC table memory at [mem 0xdfff0240-0xdfff0293]
2024-10-22T03:54:09.826646+00:00 Ubuntu kernel: ACPI: Reserving SSDT table memory at [mem 0xdfff02a0-0xdfff060b]
2024-10-22T03:54:09.826649+00:00 Ubuntu kernel: No NUMA configuration found
2024-10-22T03:54:09.826650+00:00 Ubuntu kernel: Faking a node at [mem 0x0000000000000000-0x000000010fffffff]
2024-10-22T03:54:09.826651+00:00 Ubuntu kernel: NODE_DATA(0) allocated [mem 0x10ffd3000-0x10fffdfff]
2024-10-22T03:54:09.826651+00:00 Ubuntu kernel: Zone ranges:
2024-10-22T03:54:09.826651+00:00 Ubuntu kernel:   DMA      [mem 0x0000000000001000-0x0000000000ffffff]
2024-10-22T03:54:09.826652+00:00 Ubuntu kernel:   DMA32    [mem 0x0000000001000000-0x00000000ffffffff]
2024-10-22T03:54:09.826652+00:00 Ubuntu kernel:   Normal   [mem 0x0000000100000000-0x000000010fffffff]
2024-10-22T03:54:09.826655+00:00 Ubuntu kernel:   Device   empty
2024-10-22T03:54:09.826656+00:00 Ubuntu kernel: Movable zone start for each node
2024-10-22T03:54:09.826657+00:00 Ubuntu kernel: Early memory node ranges
2024-10-22T03:54:09.826658+00:00 Ubuntu kernel:   node   0: [mem 0x0000000000001000-0x000000000009efff]
2024-10-22T03:54:09.826658+00:00 Ubuntu kernel:   node   0: [mem 0x0000000000100000-0x00000000dffeffff]
2024-10-22T03:54:09.826659+00:00 Ubuntu kernel:   node   0: [mem 0x0000000100000000-0x000000010fffffff]
2024-10-22T03:54:09.826661+00:00 Ubuntu kernel: Initmem setup node 0 [mem 0x0000000000001000-0x000000010fffffff]
2024-10-22T03:54:09.826662+00:00 Ubuntu kernel: On node 0, zone DMA: 1 pages in unavailable ranges
2024-10-22T03:54:09.826663+00:00 Ubuntu kernel: On node 0, zone DMA: 97 pages in unavailable ranges
2024-10-22T03:54:09.826663+00:00 Ubuntu kernel: On node 0, zone Normal: 16 pages in unavailable ranges
2024-10-22T03:54:09.826664+00:00 Ubuntu kernel: ACPI: PM-Timer IO Port: 0x4008
2024-10-22T03:54:09.826664+00:00 Ubuntu kernel: IOAPIC[0]: apic_id 1, version 32, address 0xfec00000, GSI 0-23
2024-10-22T03:54:09.826667+00:00 Ubuntu kernel: ACPI: INT_SRC_OVR (bus 0 bus_irq 0 global_irq 2 dfl dfl)
2024-10-22T03:54:09.826668+00:00 Ubuntu kernel: ACPI: INT_SRC_OVR (bus 0 bus_irq 9 global_irq 9 low level)
2024-10-22T03:54:09.826668+00:00 Ubuntu kernel: ACPI: Using ACPI (MADT) for SMP configuration information
2024-10-22T03:54:09.826669+00:00 Ubuntu kernel: smpboot: Allowing 1 CPUs, 0 hotplug CPUs
2024-10-22T03:54:09.826669+00:00 Ubuntu kernel: PM: hibernation: Registered nosave memory: [mem 0x00000000-0x00000fff]
2024-10-22T03:54:09.826670+00:00 Ubuntu kernel: PM: hibernation: Registered nosave memory: [mem 0x0009f000-0x0009ffff]
2024-10-22T03:54:09.826670+00:00 Ubuntu kernel: PM: hibernation: Registered nosave memory: [mem 0x000a0000-0x000effff]
2024-10-22T03:54:09.826673+00:00 Ubuntu kernel: PM: hibernation: Registered nosave memory: [mem 0x000f0000-0x000fffff]
2024-10-22T03:54:09.826674+00:00 Ubuntu kernel: PM: hibernation: Registered nosave memory: [mem 0xdfff0000-0xdfffffff]
2024-10-22T03:54:09.826674+00:00 Ubuntu kernel: PM: hibernation: Registered nosave memory: [mem 0xe0000000-0xfebfffff]
2024-10-22T03:54:09.826675+00:00 Ubuntu kernel: PM: hibernation: Registered nosave memory: [mem 0xfec00000-0xfec00fff]
2024-10-22T03:54:09.826675+00:00 Ubuntu kernel: PM: hibernation: Registered nosave memory: [mem 0xfec01000-0xfedfffff]
2024-10-22T03:54:09.826676+00:00 Ubuntu kernel: PM: hibernation: Registered nosave memory: [mem 0xfee00000-0xfee00fff]
2024-10-22T03:54:09.826679+00:00 Ubuntu kernel: PM: hibernation: Registered nosave memory: [mem 0xfee01000-0xfffbffff]
2024-10-22T03:54:09.826680+00:00 Ubuntu kernel: PM: hibernation: Registered nosave memory: [mem 0xfffc0000-0xffffffff]
2024-10-22T03:54:09.826681+00:00 Ubuntu kernel: [mem 0xe0000000-0xfebfffff] available for PCI devices
2024-10-22T03:54:09.826681+00:00 Ubuntu kernel: Booting paravirtualized kernel on KVM
2024-10-22T03:54:09.826682+00:00 Ubuntu kernel: clocksource: refined-jiffies: mask: 0xffffffff max_cycles: 0xffffffff, max_idle_ns: 1910969940391419 ns
2024-10-22T03:54:09.826682+00:00 Ubuntu kernel: setup_percpu: NR_CPUS:8192 nr_cpumask_bits:1 nr_cpu_ids:1 nr_node_ids:1
2024-10-22T03:54:09.826688+00:00 Ubuntu kernel: percpu: Embedded 86 pages/cpu s229376 r8192 d114688 u2097152
2024-10-22T03:54:09.826689+00:00 Ubuntu kernel: pcpu-alloc: s229376 r8192 d114688 u2097152 alloc=1*2097152
2024-10-22T03:54:09.826689+00:00 Ubuntu kernel: pcpu-alloc: [0] 0 
2024-10-22T03:54:09.826690+00:00 Ubuntu kernel: kvm-guest: PV spinlocks disabled, single CPU
2024-10-22T03:54:09.826690+00:00 Ubuntu kernel: Kernel command line: BOOT_IMAGE=/boot/vmlinuz-6.8.0-47-generic root=UUID=f5633202-e0b7-438c-8293-fc119e5ea46b ro quiet splash
2024-10-22T03:54:09.826691+00:00 Ubuntu kernel: Unknown kernel command line parameters "splash BOOT_IMAGE=/boot/vmlinuz-6.8.0-47-generic", will be passed to user space.
2024-10-22T03:54:09.826693+00:00 Ubuntu kernel: Dentry cache hash table entries: 524288 (order: 10, 4194304 bytes, linear)
2024-10-22T03:54:09.826694+00:00 Ubuntu kernel: Inode-cache hash table entries: 262144 (order: 9, 2097152 bytes, linear)
2024-10-22T03:54:09.826695+00:00 Ubuntu kernel: Fallback order for Node 0: 0 
2024-10-22T03:54:09.826696+00:00 Ubuntu kernel: Built 1 zonelists, mobility grouping on.  Total pages: 967408
2024-10-22T03:54:09.826696+00:00 Ubuntu kernel: Policy zone: Normal
2024-10-22T03:54:09.826696+00:00 Ubuntu kernel: mem auto-init: stack:all(zero), heap alloc:on, heap free:off
2024-10-22T03:54:09.826697+00:00 Ubuntu kernel: software IO TLB: area num 1.
2024-10-22T03:54:09.826700+00:00 Ubuntu kernel: Memory: 3680920K/3931704K available (22528K kernel code, 4442K rwdata, 14312K rodata, 4976K init, 4732K bss, 250524K reserved, 0K cma-reserved)
2024-10-22T03:54:09.826701+00:00 Ubuntu kernel: SLUB: HWalign=64, Order=0-3, MinObjects=0, CPUs=1, Nodes=1
2024-10-22T03:54:09.826701+00:00 Ubuntu kernel: Kernel/User page tables isolation: enabled
2024-10-22T03:54:09.826774+00:00 Ubuntu kernel: ftrace: allocating 57892 entries in 227 pages
2024-10-22T03:54:09.826776+00:00 Ubuntu kernel: ftrace: allocated 227 pages with 5 groups
2024-10-22T03:54:09.826776+00:00 Ubuntu kernel: Dynamic Preempt: voluntary
2024-10-22T03:54:09.826781+00:00 Ubuntu kernel: rcu: Preemptible hierarchical RCU implementation.
2024-10-22T03:54:09.826782+00:00 Ubuntu kernel: rcu: 	RCU restricting CPUs from NR_CPUS=8192 to nr_cpu_ids=1.
2024-10-22T03:54:09.826783+00:00 Ubuntu kernel: 	Trampoline variant of Tasks RCU enabled.
2024-10-22T03:54:09.826783+00:00 Ubuntu kernel: 	Rude variant of Tasks RCU enabled.
2024-10-22T03:54:09.826783+00:00 Ubuntu kernel: 	Tracing variant of Tasks RCU enabled.
2024-10-22T03:54:09.826784+00:00 Ubuntu kernel: rcu: RCU calculated value of scheduler-enlistment delay is 100 jiffies.
2024-10-22T03:54:09.826787+00:00 Ubuntu kernel: rcu: Adjusting geometry for rcu_fanout_leaf=16, nr_cpu_ids=1
2024-10-22T03:54:09.826788+00:00 Ubuntu kernel: NR_IRQS: 524544, nr_irqs: 256, preallocated irqs: 16
2024-10-22T03:54:09.826788+00:00 Ubuntu kernel: rcu: srcu_init: Setting srcu_struct sizes based on contention.
2024-10-22T03:54:09.826788+00:00 Ubuntu kernel: Console: colour VGA+ 80x25
2024-10-22T03:54:09.826789+00:00 Ubuntu kernel: printk: legacy console [tty0] enabled
2024-10-22T03:54:09.826789+00:00 Ubuntu kernel: ACPI: Core revision 20230628
2024-10-22T03:54:09.826790+00:00 Ubuntu kernel: APIC: Switch to symmetric I/O mode setup
2024-10-22T03:54:09.826792+00:00 Ubuntu kernel: ..TIMER: vector=0x30 apic1=0 pin1=2 apic2=-1 pin2=-1
2024-10-22T03:54:09.826793+00:00 Ubuntu kernel: clocksource: tsc-early: mask: 0xffffffffffffffff max_cycles: 0x2e058540c6e, max_idle_ns: 440795222505 ns
2024-10-22T03:54:09.826794+00:00 Ubuntu kernel: Calibrating delay loop (skipped) preset value.. 6385.49 BogoMIPS (lpj=3192746)
2024-10-22T03:54:09.826794+00:00 Ubuntu kernel: Last level iTLB entries: 4KB 512, 2MB 8, 4MB 8
2024-10-22T03:54:09.826795+00:00 Ubuntu kernel: Last level dTLB entries: 4KB 512, 2MB 32, 4MB 32, 1GB 0
2024-10-22T03:54:09.826795+00:00 Ubuntu kernel: Spectre V1 : Mitigation: usercopy/swapgs barriers and __user pointer sanitization
2024-10-22T03:54:09.826798+00:00 Ubuntu kernel: Spectre V2 : Mitigation: Retpolines
2024-10-22T03:54:09.826799+00:00 Ubuntu kernel: Spectre V2 : Spectre v2 / SpectreRSB mitigation: Filling RSB on context switch
2024-10-22T03:54:09.826800+00:00 Ubuntu kernel: Spectre V2 : Spectre v2 / SpectreRSB : Filling RSB on VMEXIT
2024-10-22T03:54:09.826800+00:00 Ubuntu kernel: Speculative Store Bypass: Vulnerable
2024-10-22T03:54:09.826800+00:00 Ubuntu kernel: MDS: Mitigation: Clear CPU buffers
2024-10-22T03:54:09.826801+00:00 Ubuntu kernel: MMIO Stale Data: Unknown: No mitigations
2024-10-22T03:54:09.826804+00:00 Ubuntu kernel: x86/fpu: x87 FPU will use FXSAVE
2024-10-22T03:54:09.826804+00:00 Ubuntu kernel: Freeing SMP alternatives memory: 48K
2024-10-22T03:54:09.826805+00:00 Ubuntu kernel: pid_max: default: 32768 minimum: 301
2024-10-22T03:54:09.826805+00:00 Ubuntu kernel: LSM: initializing lsm=lockdown,capability,landlock,yama,apparmor,integrity
2024-10-22T03:54:09.826806+00:00 Ubuntu kernel: landlock: Up and running.
2024-10-22T03:54:09.826806+00:00 Ubuntu kernel: Yama: becoming mindful.
2024-10-22T03:54:09.826807+00:00 Ubuntu kernel: AppArmor: AppArmor initialized
2024-10-22T03:54:09.826810+00:00 Ubuntu kernel: Mount-cache hash table entries: 8192 (order: 4, 65536 bytes, linear)
2024-10-22T03:54:09.826811+00:00 Ubuntu kernel: Mountpoint-cache hash table entries: 8192 (order: 4, 65536 bytes, linear)
2024-10-22T03:54:09.826811+00:00 Ubuntu kernel: APIC calibration not consistent with PM-Timer: 141ms instead of 100ms
2024-10-22T03:54:09.826812+00:00 Ubuntu kernel: APIC delta adjusted to PM-Timer: 6293241 (8927829)
2024-10-22T03:54:09.826812+00:00 Ubuntu kernel: smpboot: CPU0: Intel(R) Core(TM) i3-3210 CPU @ 3.20GHz (family: 0x6, model: 0x3a, stepping: 0x9)
2024-10-22T03:54:09.826813+00:00 Ubuntu kernel: RCU Tasks: Setting shift to 0 and lim to 1 rcu_task_cb_adjust=1.
2024-10-22T03:54:09.826816+00:00 Ubuntu kernel: RCU Tasks Rude: Setting shift to 0 and lim to 1 rcu_task_cb_adjust=1.
2024-10-22T03:54:09.826817+00:00 Ubuntu kernel: RCU Tasks Trace: Setting shift to 0 and lim to 1 rcu_task_cb_adjust=1.
2024-10-22T03:54:09.826817+00:00 Ubuntu kernel: Performance Events: unsupported p6 CPU model 58 no PMU driver, software events only.
2024-10-22T03:54:09.826818+00:00 Ubuntu kernel: signal: max sigframe size: 1440
2024-10-22T03:54:09.826818+00:00 Ubuntu kernel: rcu: Hierarchical SRCU implementation.
2024-10-22T03:54:09.826818+00:00 Ubuntu kernel: rcu: 	Max phase no-delay instances is 400.
2024-10-22T03:54:09.826819+00:00 Ubuntu kernel: NMI watchdog: Perf NMI watchdog permanently disabled
2024-10-22T03:54:09.826822+00:00 Ubuntu kernel: smp: Bringing up secondary CPUs ...
2024-10-22T03:54:09.826822+00:00 Ubuntu kernel: smp: Brought up 1 node, 1 CPU
2024-10-22T03:54:09.826823+00:00 Ubuntu kernel: smpboot: Max logical packages: 1
2024-10-22T03:54:09.826823+00:00 Ubuntu kernel: smpboot: Total of 1 processors activated (6385.49 BogoMIPS)
2024-10-22T03:54:09.826824+00:00 Ubuntu kernel: devtmpfs: initialized
2024-10-22T03:54:09.826824+00:00 Ubuntu kernel: x86/mm: Memory block size: 128MB
2024-10-22T03:54:09.826827+00:00 Ubuntu kernel: clocksource: jiffies: mask: 0xffffffff max_cycles: 0xffffffff, max_idle_ns: 1911260446275000 ns
2024-10-22T03:54:09.826828+00:00 Ubuntu kernel: futex hash table entries: 256 (order: 2, 16384 bytes, linear)
2024-10-22T03:54:09.826829+00:00 Ubuntu kernel: pinctrl core: initialized pinctrl subsystem
2024-10-22T03:54:09.826829+00:00 Ubuntu kernel: PM: RTC time: 03:53:16, date: 2024-10-22
2024-10-22T03:54:09.826829+00:00 Ubuntu kernel: NET: Registered PF_NETLINK/PF_ROUTE protocol family
2024-10-22T03:54:09.826830+00:00 Ubuntu kernel: DMA: preallocated 512 KiB GFP_KERNEL pool for atomic allocations
2024-10-22T03:54:09.826833+00:00 Ubuntu kernel: DMA: preallocated 512 KiB GFP_KERNEL|GFP_DMA pool for atomic allocations
2024-10-22T03:54:09.826834+00:00 Ubuntu kernel: DMA: preallocated 512 KiB GFP_KERNEL|GFP_DMA32 pool for atomic allocations
2024-10-22T03:54:09.826834+00:00 Ubuntu kernel: audit: initializing netlink subsys (disabled)
2024-10-22T03:54:09.826835+00:00 Ubuntu kernel: audit: type=2000 audit(1729574316.519:1): state=initialized audit_enabled=0 res=1
2024-10-22T03:54:09.826835+00:00 Ubuntu kernel: thermal_sys: Registered thermal governor 'fair_share'
2024-10-22T03:54:09.826835+00:00 Ubuntu kernel: thermal_sys: Registered thermal governor 'bang_bang'
2024-10-22T03:54:09.826836+00:00 Ubuntu kernel: thermal_sys: Registered thermal governor 'step_wise'
2024-10-22T03:54:09.826839+00:00 Ubuntu kernel: thermal_sys: Registered thermal governor 'user_space'
2024-10-22T03:54:09.826840+00:00 Ubuntu kernel: thermal_sys: Registered thermal governor 'power_allocator'
2024-10-22T03:54:09.826840+00:00 Ubuntu kernel: EISA bus registered
2024-10-22T03:54:09.826841+00:00 Ubuntu kernel: cpuidle: using governor ladder
2024-10-22T03:54:09.826841+00:00 Ubuntu kernel: cpuidle: using governor menu
2024-10-22T03:54:09.826842+00:00 Ubuntu kernel: acpiphp: ACPI Hot Plug PCI Controller Driver version: 0.5
2024-10-22T03:54:09.826844+00:00 Ubuntu kernel: PCI: Using configuration type 1 for base access
2024-10-22T03:54:09.826845+00:00 Ubuntu kernel: kprobes: kprobe jump-optimization is enabled. All kprobes are optimized if possible.
2024-10-22T03:54:09.826846+00:00 Ubuntu kernel: HugeTLB: registered 2.00 MiB page size, pre-allocated 0 pages
2024-10-22T03:54:09.826846+00:00 Ubuntu kernel: HugeTLB: 28 KiB vmemmap can be freed for a 2.00 MiB page
2024-10-22T03:54:09.826847+00:00 Ubuntu kernel: ACPI: Added _OSI(Module Device)
2024-10-22T03:54:09.826847+00:00 Ubuntu kernel: ACPI: Added _OSI(Processor Device)
2024-10-22T03:54:09.826847+00:00 Ubuntu kernel: ACPI: Added _OSI(3.0 _SCP Extensions)
2024-10-22T03:54:09.826852+00:00 Ubuntu kernel: ACPI: Added _OSI(Processor Aggregator Device)
2024-10-22T03:54:09.826853+00:00 Ubuntu kernel: ACPI: 2 ACPI AML tables successfully acquired and loaded
2024-10-22T03:54:09.826853+00:00 Ubuntu kernel: ACPI: _OSC evaluation for CPUs failed, trying _PDC
2024-10-22T03:54:09.826854+00:00 Ubuntu kernel: ACPI: Interpreter enabled
2024-10-22T03:54:09.826854+00:00 Ubuntu kernel: ACPI: PM: (supports S0 S5)
2024-10-22T03:54:09.826855+00:00 Ubuntu kernel: ACPI: Using IOAPIC for interrupt routing
2024-10-22T03:54:09.826857+00:00 Ubuntu kernel: PCI: Using host bridge windows from ACPI; if necessary, use "pci=nocrs" and report a bug
2024-10-22T03:54:09.826858+00:00 Ubuntu kernel: PCI: Using E820 reservations for host bridge windows
2024-10-22T03:54:09.826859+00:00 Ubuntu kernel: ACPI: Enabled 2 GPEs in block 00 to 07
2024-10-22T03:54:09.826859+00:00 Ubuntu kernel: ACPI: PCI Root Bridge [PCI0] (domain 0000 [bus 00-ff])
2024-10-22T03:54:09.826860+00:00 Ubuntu kernel: acpi PNP0A03:00: _OSC: OS supports [ASPM ClockPM Segments MSI EDR HPX-Type3]
2024-10-22T03:54:09.826861+00:00 Ubuntu kernel: acpi PNP0A03:00: _OSC: not requesting OS control; OS requires [ExtendedConfig ASPM ClockPM MSI]
2024-10-22T03:54:09.826863+00:00 Ubuntu kernel: acpi PNP0A03:00: fail to add MMCONFIG information, can't access extended configuration space under this bridge
2024-10-22T03:54:09.826865+00:00 Ubuntu kernel: PCI host bridge to bus 0000:00
2024-10-22T03:54:09.826865+00:00 Ubuntu kernel: pci_bus 0000:00: root bus resource [io  0x0000-0x0cf7 window]
2024-10-22T03:54:09.826865+00:00 Ubuntu kernel: pci_bus 0000:00: root bus resource [io  0x0d00-0xffff window]
2024-10-22T03:54:09.826866+00:00 Ubuntu kernel: pci_bus 0000:00: root bus resource [mem 0x000a0000-0x000bffff window]
2024-10-22T03:54:09.826866+00:00 Ubuntu kernel: pci_bus 0000:00: root bus resource [mem 0xe0000000-0xfdffffff window]
2024-10-22T03:54:09.826867+00:00 Ubuntu kernel: pci_bus 0000:00: root bus resource [bus 00-ff]
2024-10-22T03:54:09.826881+00:00 Ubuntu kernel: pci 0000:00:00.0: [8086:1237] type 00 class 0x060000 conventional PCI endpoint
2024-10-22T03:54:09.826882+00:00 Ubuntu kernel: pci 0000:00:01.0: [8086:7000] type 00 class 0x060100 conventional PCI endpoint
2024-10-22T03:54:09.826883+00:00 Ubuntu kernel: pci 0000:00:01.1: [8086:7111] type 00 class 0x01018a conventional PCI endpoint
2024-10-22T03:54:09.826884+00:00 Ubuntu kernel: pci 0000:00:01.1: BAR 4 [io  0xd000-0xd00f]
2024-10-22T03:54:09.826884+00:00 Ubuntu kernel: pci 0000:00:01.1: BAR 0 [io  0x01f0-0x01f7]: legacy IDE quirk
2024-10-22T03:54:09.826884+00:00 Ubuntu kernel: pci 0000:00:01.1: BAR 1 [io  0x03f6]: legacy IDE quirk
2024-10-22T03:54:09.826890+00:00 Ubuntu kernel: pci 0000:00:01.1: BAR 2 [io  0x0170-0x0177]: legacy IDE quirk
2024-10-22T03:54:09.826892+00:00 Ubuntu kernel: pci 0000:00:01.1: BAR 3 [io  0x0376]: legacy IDE quirk
2024-10-22T03:54:09.826892+00:00 Ubuntu kernel: pci 0000:00:02.0: [15ad:0405] type 00 class 0x030000 conventional PCI endpoint
2024-10-22T03:54:09.826893+00:00 Ubuntu kernel: pci 0000:00:02.0: BAR 0 [io  0xd010-0xd01f]
2024-10-22T03:54:09.826893+00:00 Ubuntu kernel: pci 0000:00:02.0: BAR 1 [mem 0xe0000000-0xe0ffffff pref]
2024-10-22T03:54:09.826893+00:00 Ubuntu kernel: pci 0000:00:02.0: BAR 2 [mem 0xf0000000-0xf01fffff]
2024-10-22T03:54:09.826899+00:00 Ubuntu kernel: pci 0000:00:02.0: Video device with shadowed ROM at [mem 0x000c0000-0x000dffff]
2024-10-22T03:54:09.826988+00:00 Ubuntu kernel: pci 0000:00:03.0: [8086:100e] type 00 class 0x020000 conventional PCI endpoint
2024-10-22T03:54:09.826991+00:00 Ubuntu kernel: pci 0000:00:03.0: BAR 0 [mem 0xf0200000-0xf021ffff]
2024-10-22T03:54:09.826992+00:00 Ubuntu kernel: pci 0000:00:03.0: BAR 2 [io  0xd020-0xd027]
2024-10-22T03:54:09.826992+00:00 Ubuntu kernel: pci 0000:00:04.0: [80ee:cafe] type 00 class 0x088000 conventional PCI endpoint
2024-10-22T03:54:09.826993+00:00 Ubuntu kernel: pci 0000:00:04.0: BAR 0 [io  0xd040-0xd05f]
2024-10-22T03:54:09.826993+00:00 Ubuntu kernel: pci 0000:00:04.0: BAR 1 [mem 0xf0400000-0xf07fffff]
2024-10-22T03:54:09.827005+00:00 Ubuntu kernel: pci 0000:00:04.0: BAR 2 [mem 0xf0800000-0xf0803fff pref]
2024-10-22T03:54:09.827007+00:00 Ubuntu kernel: pci 0000:00:05.0: [8086:2415] type 00 class 0x040100 conventional PCI endpoint
2024-10-22T03:54:09.827007+00:00 Ubuntu kernel: pci 0000:00:05.0: BAR 0 [io  0xd100-0xd1ff]
2024-10-22T03:54:09.827008+00:00 Ubuntu kernel: pci 0000:00:05.0: BAR 1 [io  0xd200-0xd23f]
2024-10-22T03:54:09.827008+00:00 Ubuntu kernel: pci 0000:00:06.0: [106b:003f] type 00 class 0x0c0310 conventional PCI endpoint
2024-10-22T03:54:09.827009+00:00 Ubuntu kernel: pci 0000:00:06.0: BAR 0 [mem 0xf0804000-0xf0804fff]
2024-10-22T03:54:09.827015+00:00 Ubuntu kernel: pci 0000:00:07.0: [8086:7113] type 00 class 0x068000 conventional PCI endpoint
2024-10-22T03:54:09.827016+00:00 Ubuntu kernel: pci 0000:00:07.0: quirk: [io  0x4000-0x403f] claimed by PIIX4 ACPI
2024-10-22T03:54:09.827017+00:00 Ubuntu kernel: pci 0000:00:07.0: quirk: [io  0x4100-0x410f] claimed by PIIX4 SMB
2024-10-22T03:54:09.827017+00:00 Ubuntu kernel: pci 0000:00:0b.0: [8086:265c] type 00 class 0x0c0320 conventional PCI endpoint
2024-10-22T03:54:09.827018+00:00 Ubuntu kernel: pci 0000:00:0b.0: BAR 0 [mem 0xf0805000-0xf0805fff]
2024-10-22T03:54:09.827018+00:00 Ubuntu kernel: pci 0000:00:0d.0: [8086:2829] type 00 class 0x010601 conventional PCI endpoint
2024-10-22T03:54:09.827019+00:00 Ubuntu kernel: pci 0000:00:0d.0: BAR 0 [io  0xd240-0xd247]
2024-10-22T03:54:09.827024+00:00 Ubuntu kernel: pci 0000:00:0d.0: BAR 1 [io  0xd248-0xd24b]
2024-10-22T03:54:09.827026+00:00 Ubuntu kernel: pci 0000:00:0d.0: BAR 2 [io  0xd250-0xd257]
2024-10-22T03:54:09.827026+00:00 Ubuntu kernel: pci 0000:00:0d.0: BAR 3 [io  0xd258-0xd25b]
2024-10-22T03:54:09.827027+00:00 Ubuntu kernel: pci 0000:00:0d.0: BAR 4 [io  0xd260-0xd26f]
2024-10-22T03:54:09.827027+00:00 Ubuntu kernel: pci 0000:00:0d.0: BAR 5 [mem 0xf0806000-0xf0807fff]
2024-10-22T03:54:09.827027+00:00 Ubuntu kernel: ACPI: PCI: Interrupt link LNKA configured for IRQ 11
2024-10-22T03:54:09.827033+00:00 Ubuntu kernel: ACPI: PCI: Interrupt link LNKB configured for IRQ 10
2024-10-22T03:54:09.827035+00:00 Ubuntu kernel: ACPI: PCI: Interrupt link LNKC configured for IRQ 9
2024-10-22T03:54:09.827035+00:00 Ubuntu kernel: ACPI: PCI: Interrupt link LNKD configured for IRQ 11
2024-10-22T03:54:09.827036+00:00 Ubuntu kernel: iommu: Default domain type: Translated
2024-10-22T03:54:09.827036+00:00 Ubuntu kernel: iommu: DMA domain TLB invalidation policy: lazy mode
2024-10-22T03:54:09.827036+00:00 Ubuntu kernel: SCSI subsystem initialized
2024-10-22T03:54:09.827042+00:00 Ubuntu kernel: libata version 3.00 loaded.
2024-10-22T03:54:09.827044+00:00 Ubuntu kernel: ACPI: bus type USB registered
2024-10-22T03:54:09.827044+00:00 Ubuntu kernel: usbcore: registered new interface driver usbfs
2024-10-22T03:54:09.827044+00:00 Ubuntu kernel: usbcore: registered new interface driver hub
2024-10-22T03:54:09.827045+00:00 Ubuntu kernel: usbcore: registered new device driver usb
2024-10-22T03:54:09.827045+00:00 Ubuntu kernel: pps_core: LinuxPPS API ver. 1 registered
2024-10-22T03:54:09.827046+00:00 Ubuntu kernel: pps_core: Software ver. 5.3.6 - Copyright 2005-2007 Rodolfo Giometti <giometti@linux.it>
2024-10-22T03:54:09.827052+00:00 Ubuntu kernel: PTP clock support registered
2024-10-22T03:54:09.827053+00:00 Ubuntu kernel: EDAC MC: Ver: 3.0.0
2024-10-22T03:54:09.827053+00:00 Ubuntu kernel: NetLabel: Initializing
2024-10-22T03:54:09.827054+00:00 Ubuntu kernel: NetLabel:  domain hash size = 128
2024-10-22T03:54:09.827054+00:00 Ubuntu kernel: NetLabel:  protocols = UNLABELED CIPSOv4 CALIPSO
2024-10-22T03:54:09.827055+00:00 Ubuntu kernel: NetLabel:  unlabeled traffic allowed by default
2024-10-22T03:54:09.827060+00:00 Ubuntu kernel: mctp: management component transport protocol core
2024-10-22T03:54:09.827062+00:00 Ubuntu kernel: NET: Registered PF_MCTP protocol family
2024-10-22T03:54:09.827062+00:00 Ubuntu kernel: PCI: Using ACPI for IRQ routing
2024-10-22T03:54:09.827062+00:00 Ubuntu kernel: PCI: pci_cache_line_size set to 64 bytes
2024-10-22T03:54:09.827063+00:00 Ubuntu kernel: e820: reserve RAM buffer [mem 0x0009fc00-0x0009ffff]
2024-10-22T03:54:09.827063+00:00 Ubuntu kernel: e820: reserve RAM buffer [mem 0xdfff0000-0xdfffffff]
2024-10-22T03:54:09.827064+00:00 Ubuntu kernel: pci 0000:00:02.0: vgaarb: setting as boot VGA device
2024-10-22T03:54:09.827070+00:00 Ubuntu kernel: pci 0000:00:02.0: vgaarb: bridge control possible
2024-10-22T03:54:09.827071+00:00 Ubuntu kernel: pci 0000:00:02.0: vgaarb: VGA device added: decodes=io+mem,owns=io+mem,locks=none
2024-10-22T03:54:09.827071+00:00 Ubuntu kernel: vgaarb: loaded
2024-10-22T03:54:09.827072+00:00 Ubuntu kernel: clocksource: Switched to clocksource kvm-clock
2024-10-22T03:54:09.827072+00:00 Ubuntu kernel: VFS: Disk quotas dquot_6.6.0
2024-10-22T03:54:09.827073+00:00 Ubuntu kernel: VFS: Dquot-cache hash table entries: 512 (order 0, 4096 bytes)
2024-10-22T03:54:09.827081+00:00 Ubuntu kernel: AppArmor: AppArmor Filesystem Enabled
2024-10-22T03:54:09.827082+00:00 Ubuntu kernel: pnp: PnP ACPI init
2024-10-22T03:54:09.827082+00:00 Ubuntu kernel: pnp: PnP ACPI: found 2 devices
2024-10-22T03:54:09.827083+00:00 Ubuntu kernel: clocksource: acpi_pm: mask: 0xffffff max_cycles: 0xffffff, max_idle_ns: 2085701024 ns
2024-10-22T03:54:09.827083+00:00 Ubuntu kernel: NET: Registered PF_INET protocol family
2024-10-22T03:54:09.827084+00:00 Ubuntu kernel: IP idents hash table entries: 65536 (order: 7, 524288 bytes, linear)
2024-10-22T03:54:09.827090+00:00 Ubuntu kernel: tcp_listen_portaddr_hash hash table entries: 2048 (order: 3, 32768 bytes, linear)
2024-10-22T03:54:09.827091+00:00 Ubuntu kernel: Table-perturb hash table entries: 65536 (order: 6, 262144 bytes, linear)
2024-10-22T03:54:09.827091+00:00 Ubuntu kernel: TCP established hash table entries: 32768 (order: 6, 262144 bytes, linear)
2024-10-22T03:54:09.827092+00:00 Ubuntu kernel: TCP bind hash table entries: 32768 (order: 8, 1048576 bytes, linear)
2024-10-22T03:54:09.827092+00:00 Ubuntu kernel: TCP: Hash tables configured (established 32768 bind 32768)
2024-10-22T03:54:09.827093+00:00 Ubuntu kernel: MPTCP token hash table entries: 4096 (order: 4, 98304 bytes, linear)
2024-10-22T03:54:09.827093+00:00 Ubuntu kernel: UDP hash table entries: 2048 (order: 4, 65536 bytes, linear)
2024-10-22T03:54:09.827099+00:00 Ubuntu kernel: UDP-Lite hash table entries: 2048 (order: 4, 65536 bytes, linear)
2024-10-22T03:54:09.827100+00:00 Ubuntu kernel: NET: Registered PF_UNIX/PF_LOCAL protocol family
2024-10-22T03:54:09.827101+00:00 Ubuntu kernel: NET: Registered PF_XDP protocol family
2024-10-22T03:54:09.827101+00:00 Ubuntu kernel: pci_bus 0000:00: resource 4 [io  0x0000-0x0cf7 window]
2024-10-22T03:54:09.827102+00:00 Ubuntu kernel: pci_bus 0000:00: resource 5 [io  0x0d00-0xffff window]
2024-10-22T03:54:09.827102+00:00 Ubuntu kernel: pci_bus 0000:00: resource 6 [mem 0x000a0000-0x000bffff window]
2024-10-22T03:54:09.827108+00:00 Ubuntu kernel: pci_bus 0000:00: resource 7 [mem 0xe0000000-0xfdffffff window]
2024-10-22T03:54:09.827109+00:00 Ubuntu kernel: pci 0000:00:00.0: Limiting direct PCI/PCI transfers
2024-10-22T03:54:09.827110+00:00 Ubuntu kernel: PCI: CLS 0 bytes, default 64
2024-10-22T03:54:09.827110+00:00 Ubuntu kernel: Trying to unpack rootfs image as initramfs...
2024-10-22T03:54:09.827111+00:00 Ubuntu kernel: PCI-DMA: Using software bounce buffering for IO (SWIOTLB)
2024-10-22T03:54:09.827111+00:00 Ubuntu kernel: software IO TLB: mapped [mem 0x00000000dbff0000-0x00000000dfff0000] (64MB)
2024-10-22T03:54:09.827112+00:00 Ubuntu kernel: clocksource: tsc: mask: 0xffffffffffffffff max_cycles: 0x2e058540c6e, max_idle_ns: 440795222505 ns
2024-10-22T03:54:09.827118+00:00 Ubuntu kernel: clocksource: Switched to clocksource tsc
2024-10-22T03:54:09.827119+00:00 Ubuntu kernel: platform rtc_cmos: registered platform RTC device (no PNP device found)
2024-10-22T03:54:09.827119+00:00 Ubuntu kernel: Initialise system trusted keyrings
2024-10-22T03:54:09.827120+00:00 Ubuntu kernel: Key type blacklist registered
2024-10-22T03:54:09.827120+00:00 Ubuntu kernel: workingset: timestamp_bits=36 max_order=20 bucket_order=0
2024-10-22T03:54:09.827121+00:00 Ubuntu kernel: zbud: loaded
2024-10-22T03:54:09.827127+00:00 Ubuntu kernel: squashfs: version 4.0 (2009/01/31) Phillip Lougher
2024-10-22T03:54:09.827128+00:00 Ubuntu kernel: fuse: init (API version 7.39)
2024-10-22T03:54:09.827128+00:00 Ubuntu kernel: integrity: Platform Keyring initialized
2024-10-22T03:54:09.827129+00:00 Ubuntu kernel: integrity: Machine keyring initialized
2024-10-22T03:54:09.827129+00:00 Ubuntu kernel: Key type asymmetric registered
2024-10-22T03:54:09.827129+00:00 Ubuntu kernel: Asymmetric key parser 'x509' registered
2024-10-22T03:54:09.827136+00:00 Ubuntu kernel: Block layer SCSI generic (bsg) driver version 0.4 loaded (major 243)
2024-10-22T03:54:09.827138+00:00 Ubuntu kernel: io scheduler mq-deadline registered
2024-10-22T03:54:09.827138+00:00 Ubuntu kernel: shpchp: Standard Hot Plug PCI Controller Driver version: 0.4
2024-10-22T03:54:09.827139+00:00 Ubuntu kernel: ACPI: AC: AC Adapter [AC] (on-line)
2024-10-22T03:54:09.827139+00:00 Ubuntu kernel: input: Power Button as /devices/LNXSYSTM:00/LNXPWRBN:00/input/input0
2024-10-22T03:54:09.827139+00:00 Ubuntu kernel: ACPI: button: Power Button [PWRF]
2024-10-22T03:54:09.827140+00:00 Ubuntu kernel: input: Sleep Button as /devices/LNXSYSTM:00/LNXSLPBN:00/input/input1
2024-10-22T03:54:09.827146+00:00 Ubuntu kernel: ACPI: button: Sleep Button [SLPF]
2024-10-22T03:54:09.827147+00:00 Ubuntu kernel: Serial: 8250/16550 driver, 32 ports, IRQ sharing enabled
2024-10-22T03:54:09.827147+00:00 Ubuntu kernel: Linux agpgart interface v0.103
2024-10-22T03:54:09.827148+00:00 Ubuntu kernel: loop: module loaded
2024-10-22T03:54:09.827148+00:00 Ubuntu kernel: ata_piix 0000:00:01.1: version 2.13
2024-10-22T03:54:09.827149+00:00 Ubuntu kernel: scsi host0: ata_piix
2024-10-22T03:54:09.827154+00:00 Ubuntu kernel: scsi host1: ata_piix
2024-10-22T03:54:09.827156+00:00 Ubuntu kernel: ata1: PATA max UDMA/33 cmd 0x1f0 ctl 0x3f6 bmdma 0xd000 irq 14 lpm-pol 0
2024-10-22T03:54:09.827156+00:00 Ubuntu kernel: ata2: PATA max UDMA/33 cmd 0x170 ctl 0x376 bmdma 0xd008 irq 15 lpm-pol 0
2024-10-22T03:54:09.827157+00:00 Ubuntu kernel: ACPI: bus type drm_connector registered
2024-10-22T03:54:09.827157+00:00 Ubuntu kernel: tun: Universal TUN/TAP device driver, 1.6
2024-10-22T03:54:09.827158+00:00 Ubuntu kernel: PPP generic driver version 2.4.2
2024-10-22T03:54:09.827158+00:00 Ubuntu kernel: ehci-pci 0000:00:0b.0: EHCI Host Controller
2024-10-22T03:54:09.827164+00:00 Ubuntu kernel: ehci-pci 0000:00:0b.0: new USB bus registered, assigned bus number 1
2024-10-22T03:54:09.827165+00:00 Ubuntu kernel: ehci-pci 0000:00:0b.0: irq 19, io mem 0xf0805000
2024-10-22T03:54:09.827166+00:00 Ubuntu kernel: ehci-pci 0000:00:0b.0: USB 2.0 started, EHCI 1.00
2024-10-22T03:54:09.827231+00:00 Ubuntu kernel: usb usb1: New USB device found, idVendor=1d6b, idProduct=0002, bcdDevice= 6.08
2024-10-22T03:54:09.827233+00:00 Ubuntu kernel: usb usb1: New USB device strings: Mfr=3, Product=2, SerialNumber=1
2024-10-22T03:54:09.827233+00:00 Ubuntu kernel: usb usb1: Product: EHCI Host Controller
2024-10-22T03:54:09.827241+00:00 Ubuntu kernel: usb usb1: Manufacturer: Linux 6.8.0-47-generic ehci_hcd
2024-10-22T03:54:09.827242+00:00 Ubuntu kernel: usb usb1: SerialNumber: 0000:00:0b.0
2024-10-22T03:54:09.827242+00:00 Ubuntu kernel: hub 1-0:1.0: USB hub found
2024-10-22T03:54:09.827243+00:00 Ubuntu kernel: hub 1-0:1.0: 12 ports detected
2024-10-22T03:54:09.827243+00:00 Ubuntu kernel: ohci-pci 0000:00:06.0: OHCI PCI host controller
2024-10-22T03:54:09.827244+00:00 Ubuntu kernel: ohci-pci 0000:00:06.0: new USB bus registered, assigned bus number 2
2024-10-22T03:54:09.827250+00:00 Ubuntu kernel: ohci-pci 0000:00:06.0: irq 22, io mem 0xf0804000
2024-10-22T03:54:09.827251+00:00 Ubuntu kernel: usb usb2: New USB device found, idVendor=1d6b, idProduct=0001, bcdDevice= 6.08
2024-10-22T03:54:09.827252+00:00 Ubuntu kernel: usb usb2: New USB device strings: Mfr=3, Product=2, SerialNumber=1
2024-10-22T03:54:09.827252+00:00 Ubuntu kernel: usb usb2: Product: OHCI PCI host controller
2024-10-22T03:54:09.827253+00:00 Ubuntu kernel: usb usb2: Manufacturer: Linux 6.8.0-47-generic ohci_hcd
2024-10-22T03:54:09.827253+00:00 Ubuntu kernel: usb usb2: SerialNumber: 0000:00:06.0
2024-10-22T03:54:09.827253+00:00 Ubuntu kernel: hub 2-0:1.0: USB hub found
2024-10-22T03:54:09.827262+00:00 Ubuntu kernel: hub 2-0:1.0: 12 ports detected
2024-10-22T03:54:09.827263+00:00 Ubuntu kernel: i8042: PNP: PS/2 Controller [PNP0303:PS2K,PNP0f03:PS2M] at 0x60,0x64 irq 1,12
2024-10-22T03:54:09.827263+00:00 Ubuntu kernel: ata2.00: ATAPI: VBOX CD-ROM, 1.0, max UDMA/133
2024-10-22T03:54:09.827264+00:00 Ubuntu kernel: serio: i8042 KBD port at 0x60,0x64 irq 1
2024-10-22T03:54:09.827264+00:00 Ubuntu kernel: serio: i8042 AUX port at 0x60,0x64 irq 12
2024-10-22T03:54:09.827265+00:00 Ubuntu kernel: scsi 1:0:0:0: CD-ROM            VBOX     CD-ROM           1.0  PQ: 0 ANSI: 5
2024-10-22T03:54:09.827271+00:00 Ubuntu kernel: mousedev: PS/2 mouse device common for all mice
2024-10-22T03:54:09.827272+00:00 Ubuntu kernel: rtc_cmos rtc_cmos: registered as rtc0
2024-10-22T03:54:09.827272+00:00 Ubuntu kernel: rtc_cmos rtc_cmos: setting system clock to 2024-10-22T03:53:17 UTC (1729569197)
2024-10-22T03:54:09.827273+00:00 Ubuntu kernel: rtc_cmos rtc_cmos: alarms up to one day, 114 bytes nvram
2024-10-22T03:54:09.827273+00:00 Ubuntu kernel: i2c_dev: i2c /dev entries driver
2024-10-22T03:54:09.827274+00:00 Ubuntu kernel: device-mapper: core: CONFIG_IMA_DISABLE_HTABLE is disabled. Duplicate IMA measurements will not be recorded in the IMA log.
2024-10-22T03:54:09.827280+00:00 Ubuntu kernel: device-mapper: uevent: version 1.0.3
2024-10-22T03:54:09.827281+00:00 Ubuntu kernel: device-mapper: ioctl: 4.48.0-ioctl (2023-03-01) initialised: dm-devel@redhat.com
2024-10-22T03:54:09.827281+00:00 Ubuntu kernel: platform eisa.0: Probing EISA bus 0
2024-10-22T03:54:09.827282+00:00 Ubuntu kernel: platform eisa.0: EISA: Cannot allocate resource for mainboard
2024-10-22T03:54:09.827282+00:00 Ubuntu kernel: platform eisa.0: Cannot allocate resource for EISA slot 1
2024-10-22T03:54:09.827283+00:00 Ubuntu kernel: platform eisa.0: Cannot allocate resource for EISA slot 2
2024-10-22T03:54:09.827283+00:00 Ubuntu kernel: platform eisa.0: Cannot allocate resource for EISA slot 3
2024-10-22T03:54:09.827291+00:00 Ubuntu kernel: platform eisa.0: Cannot allocate resource for EISA slot 4
2024-10-22T03:54:09.827292+00:00 Ubuntu kernel: platform eisa.0: Cannot allocate resource for EISA slot 5
2024-10-22T03:54:09.827292+00:00 Ubuntu kernel: platform eisa.0: Cannot allocate resource for EISA slot 6
2024-10-22T03:54:09.827293+00:00 Ubuntu kernel: platform eisa.0: Cannot allocate resource for EISA slot 7
2024-10-22T03:54:09.827293+00:00 Ubuntu kernel: platform eisa.0: Cannot allocate resource for EISA slot 8
2024-10-22T03:54:09.827294+00:00 Ubuntu kernel: platform eisa.0: EISA: Detected 0 cards
2024-10-22T03:54:09.827300+00:00 Ubuntu kernel: intel_pstate: CPU model not supported
2024-10-22T03:54:09.827301+00:00 Ubuntu kernel: ledtrig-cpu: registered to indicate activity on CPUs
2024-10-22T03:54:09.827301+00:00 Ubuntu kernel: drop_monitor: Initializing network drop monitor service
2024-10-22T03:54:09.827302+00:00 Ubuntu kernel: NET: Registered PF_INET6 protocol family
2024-10-22T03:54:09.827302+00:00 Ubuntu kernel: input: AT Translated Set 2 keyboard as /devices/platform/i8042/serio0/input/input2
2024-10-22T03:54:09.827303+00:00 Ubuntu kernel: sr 1:0:0:0: [sr0] scsi3-mmc drive: 32x/32x xa/form2 tray
2024-10-22T03:54:09.827303+00:00 Ubuntu kernel: cdrom: Uniform CD-ROM driver Revision: 3.20
2024-10-22T03:54:09.827309+00:00 Ubuntu kernel: sr 1:0:0:0: Attached scsi CD-ROM sr0
2024-10-22T03:54:09.827310+00:00 Ubuntu kernel: sr 1:0:0:0: Attached scsi generic sg0 type 5
2024-10-22T03:54:09.827310+00:00 Ubuntu kernel: usb 2-1: new full-speed USB device number 2 using ohci-pci
2024-10-22T03:54:09.827311+00:00 Ubuntu kernel: Freeing initrd memory: 64152K
2024-10-22T03:54:09.827311+00:00 Ubuntu kernel: Segment Routing with IPv6
2024-10-22T03:54:09.827311+00:00 Ubuntu kernel: In-situ OAM (IOAM) with IPv6
2024-10-22T03:54:09.827317+00:00 Ubuntu kernel: NET: Registered PF_PACKET protocol family
2024-10-22T03:54:09.827318+00:00 Ubuntu kernel: Key type dns_resolver registered
2024-10-22T03:54:09.827319+00:00 Ubuntu kernel: IPI shorthand broadcast: enabled
2024-10-22T03:54:09.827319+00:00 Ubuntu kernel: sched_clock: Marking stable (2242218465, 139793964)->(2451481687, -69469258)
2024-10-22T03:54:09.827320+00:00 Ubuntu kernel: registered taskstats version 1
2024-10-22T03:54:09.827320+00:00 Ubuntu kernel: Loading compiled-in X.509 certificates
2024-10-22T03:54:09.827326+00:00 Ubuntu kernel: Loaded X.509 cert 'Build time autogenerated kernel key: 6a78f6710fa9b2ef1a26b57b05e98c245e257408'
2024-10-22T03:54:09.827327+00:00 Ubuntu kernel: Loaded X.509 cert 'Canonical Ltd. Live Patch Signing: 14df34d1a87cf37625abec039ef2bf521249b969'
2024-10-22T03:54:09.827328+00:00 Ubuntu kernel: Loaded X.509 cert 'Canonical Ltd. Kernel Module Signing: 88f752e560a1e0737e31163a466ad7b70a850c19'
2024-10-22T03:54:09.827328+00:00 Ubuntu kernel: blacklist: Loading compiled-in revocation X.509 certificates
2024-10-22T03:54:09.827329+00:00 Ubuntu kernel: Loaded X.509 cert 'Canonical Ltd. Secure Boot Signing: 61482aa2830d0ab2ad5af10b7250da9033ddcef0'
2024-10-22T03:54:09.827329+00:00 Ubuntu kernel: Loaded X.509 cert 'Canonical Ltd. Secure Boot Signing (2017): 242ade75ac4a15e50d50c84b0d45ff3eae707a03'
2024-10-22T03:54:09.827330+00:00 Ubuntu kernel: Loaded X.509 cert 'Canonical Ltd. Secure Boot Signing (ESM 2018): 365188c1d374d6b07c3c8f240f8ef722433d6a8b'
2024-10-22T03:54:09.827336+00:00 Ubuntu kernel: Loaded X.509 cert 'Canonical Ltd. Secure Boot Signing (2019): c0746fd6c5da3ae827864651ad66ae47fe24b3e8'
2024-10-22T03:54:09.827337+00:00 Ubuntu kernel: Loaded X.509 cert 'Canonical Ltd. Secure Boot Signing (2021 v1): a8d54bbb3825cfb94fa13c9f8a594a195c107b8d'
2024-10-22T03:54:09.827338+00:00 Ubuntu kernel: Loaded X.509 cert 'Canonical Ltd. Secure Boot Signing (2021 v2): 4cf046892d6fd3c9a5b03f98d845f90851dc6a8c'
2024-10-22T03:54:09.827338+00:00 Ubuntu kernel: Loaded X.509 cert 'Canonical Ltd. Secure Boot Signing (2021 v3): 100437bb6de6e469b581e61cd66bce3ef4ed53af'
2024-10-22T03:54:09.827339+00:00 Ubuntu kernel: Loaded X.509 cert 'Canonical Ltd. Secure Boot Signing (Ubuntu Core 2019): c1d57b8f6b743f23ee41f4f7ee292f06eecadfb9'
2024-10-22T03:54:09.827345+00:00 Ubuntu kernel: Key type .fscrypt registered
2024-10-22T03:54:09.827347+00:00 Ubuntu kernel: Key type fscrypt-provisioning registered
2024-10-22T03:54:09.827347+00:00 Ubuntu kernel: usb 2-1: New USB device found, idVendor=80ee, idProduct=0021, bcdDevice= 1.00
2024-10-22T03:54:09.827347+00:00 Ubuntu kernel: usb 2-1: New USB device strings: Mfr=1, Product=3, SerialNumber=0
2024-10-22T03:54:09.827348+00:00 Ubuntu kernel: usb 2-1: Product: USB Tablet
2024-10-22T03:54:09.827348+00:00 Ubuntu kernel: usb 2-1: Manufacturer: VirtualBox
2024-10-22T03:54:09.827354+00:00 Ubuntu kernel: Key type encrypted registered
2024-10-22T03:54:09.827355+00:00 Ubuntu kernel: AppArmor: AppArmor sha256 policy hashing enabled
2024-10-22T03:54:09.827356+00:00 Ubuntu kernel: ima: No TPM chip found, activating TPM-bypass!
2024-10-22T03:54:09.827356+00:00 Ubuntu kernel: Loading compiled-in module X.509 certificates
2024-10-22T03:54:09.827357+00:00 Ubuntu kernel: Loaded X.509 cert 'Build time autogenerated kernel key: 6a78f6710fa9b2ef1a26b57b05e98c245e257408'
2024-10-22T03:54:09.827357+00:00 Ubuntu kernel: ima: Allocated hash algorithm: sha256
2024-10-22T03:54:09.827358+00:00 Ubuntu kernel: ima: No architecture policies found
2024-10-22T03:54:09.827364+00:00 Ubuntu kernel: evm: Initialising EVM extended attributes:
2024-10-22T03:54:09.827365+00:00 Ubuntu kernel: evm: security.selinux
2024-10-22T03:54:09.827365+00:00 Ubuntu kernel: evm: security.SMACK64
2024-10-22T03:54:09.827366+00:00 Ubuntu kernel: evm: security.SMACK64EXEC
2024-10-22T03:54:09.827366+00:00 Ubuntu kernel: evm: security.SMACK64TRANSMUTE
2024-10-22T03:54:09.827366+00:00 Ubuntu kernel: evm: security.SMACK64MMAP
2024-10-22T03:54:09.827372+00:00 Ubuntu kernel: evm: security.apparmor
2024-10-22T03:54:09.827373+00:00 Ubuntu kernel: evm: security.ima
2024-10-22T03:54:09.827374+00:00 Ubuntu kernel: evm: security.capability
2024-10-22T03:54:09.827374+00:00 Ubuntu kernel: evm: HMAC attrs: 0x1
2024-10-22T03:54:09.827375+00:00 Ubuntu kernel: PM:   Magic number: 12:333:867
2024-10-22T03:54:09.827375+00:00 Ubuntu kernel: RAS: Correctable Errors collector initialized.
2024-10-22T03:54:09.827381+00:00 Ubuntu kernel: clk: Disabling unused clocks
2024-10-22T03:54:09.827382+00:00 Ubuntu kernel: Freeing unused decrypted memory: 2028K
2024-10-22T03:54:09.827383+00:00 Ubuntu kernel: Freeing unused kernel image (initmem) memory: 4976K
2024-10-22T03:54:09.827383+00:00 Ubuntu kernel: Write protecting the kernel read-only data: 36864k
2024-10-22T03:54:09.827383+00:00 Ubuntu kernel: Freeing unused kernel image (rodata/data gap) memory: 24K
2024-10-22T03:54:09.827384+00:00 Ubuntu kernel: x86/mm: Checked W+X mappings: passed, no W+X pages found.
2024-10-22T03:54:09.827384+00:00 Ubuntu kernel: x86/mm: Checking user space page tables
2024-10-22T03:54:09.827390+00:00 Ubuntu kernel: x86/mm: Checked W+X mappings: passed, no W+X pages found.
2024-10-22T03:54:09.827391+00:00 Ubuntu kernel: Run /init as init process
2024-10-22T03:54:09.827392+00:00 Ubuntu kernel:   with arguments:
2024-10-22T03:54:09.827392+00:00 Ubuntu kernel:     /init
2024-10-22T03:54:09.827393+00:00 Ubuntu kernel:     splash
2024-10-22T03:54:09.827393+00:00 Ubuntu kernel:   with environment:
2024-10-22T03:54:09.827399+00:00 Ubuntu kernel:     HOME=/
2024-10-22T03:54:09.827400+00:00 Ubuntu kernel:     TERM=linux
2024-10-22T03:54:09.827401+00:00 Ubuntu kernel:     BOOT_IMAGE=/boot/vmlinuz-6.8.0-47-generic
2024-10-22T03:54:09.827401+00:00 Ubuntu kernel: e1000: Intel(R) PRO/1000 Network Driver
2024-10-22T03:54:09.827401+00:00 Ubuntu kernel: e1000: Copyright (c) 1999-2006 Intel Corporation.
2024-10-22T03:54:09.827402+00:00 Ubuntu kernel: ACPI: video: Video Device [GFX0] (multi-head: yes  rom: no  post: no)
2024-10-22T03:54:09.827452+00:00 Ubuntu kernel: input: Video Bus as /devices/LNXSYSTM:00/LNXSYBUS:00/PNP0A03:00/LNXVIDEO:00/input/input5
2024-10-22T03:54:09.827461+00:00 Ubuntu kernel: ahci 0000:00:0d.0: version 3.0
2024-10-22T03:54:09.827462+00:00 Ubuntu kernel: hid: raw HID events driver (C) Jiri Kosina
2024-10-22T03:54:09.827462+00:00 Ubuntu kernel: ahci 0000:00:0d.0: SSS flag set, parallel bus scan disabled
2024-10-22T03:54:09.827463+00:00 Ubuntu kernel: ahci 0000:00:0d.0: AHCI 0001.0100 32 slots 1 ports 3 Gbps 0x1 impl SATA mode
2024-10-22T03:54:09.827463+00:00 Ubuntu kernel: ahci 0000:00:0d.0: flags: 64bit ncq stag only ccc 
2024-10-22T03:54:09.827464+00:00 Ubuntu kernel: scsi host2: ahci
2024-10-22T03:54:09.827470+00:00 Ubuntu kernel: ata3: SATA max UDMA/133 abar m8192@0xf0806000 port 0xf0806100 irq 21 lpm-pol 0
2024-10-22T03:54:09.827471+00:00 Ubuntu kernel: input: ImExPS/2 Generic Explorer Mouse as /devices/platform/i8042/serio1/input/input6
2024-10-22T03:54:09.827471+00:00 Ubuntu kernel: usbcore: registered new interface driver usbhid
2024-10-22T03:54:09.827472+00:00 Ubuntu kernel: usbhid: USB HID core driver
2024-10-22T03:54:09.827472+00:00 Ubuntu kernel: ata3: SATA link up 3.0 Gbps (SStatus 123 SControl 300)
2024-10-22T03:54:09.827473+00:00 Ubuntu kernel: ata3.00: ATA-6: VBOX HARDDISK, 1.0, max UDMA/133
2024-10-22T03:54:09.827480+00:00 Ubuntu kernel: ata3.00: 52428800 sectors, multi 128: LBA48 NCQ (depth 32)
2024-10-22T03:54:09.827481+00:00 Ubuntu kernel: ata3.00: configured for UDMA/133
2024-10-22T03:54:09.827482+00:00 Ubuntu kernel: scsi 2:0:0:0: Direct-Access     ATA      VBOX HARDDISK    1.0  PQ: 0 ANSI: 5
2024-10-22T03:54:09.827482+00:00 Ubuntu kernel: sd 2:0:0:0: [sda] 52428800 512-byte logical blocks: (26.8 GB/25.0 GiB)
2024-10-22T03:54:09.827483+00:00 Ubuntu kernel: sd 2:0:0:0: [sda] Write Protect is off
2024-10-22T03:54:09.827483+00:00 Ubuntu kernel: sd 2:0:0:0: [sda] Mode Sense: 00 3a 00 00
2024-10-22T03:54:09.827483+00:00 Ubuntu kernel: sd 2:0:0:0: [sda] Write cache: enabled, read cache: enabled, doesn't support DPO or FUA
2024-10-22T03:54:09.827489+00:00 Ubuntu kernel: sd 2:0:0:0: [sda] Preferred minimum I/O size 512 bytes
2024-10-22T03:54:09.827490+00:00 Ubuntu kernel: sd 2:0:0:0: Attached scsi generic sg1 type 0
2024-10-22T03:54:09.827491+00:00 Ubuntu kernel:  sda: sda1 sda2
2024-10-22T03:54:09.827491+00:00 Ubuntu kernel: sd 2:0:0:0: [sda] Attached SCSI disk
2024-10-22T03:54:09.827492+00:00 Ubuntu kernel: input: VirtualBox USB Tablet as /devices/pci0000:00/0000:00:06.0/usb2/2-1/2-1:1.0/0003:80EE:0021.0001/input/input7
2024-10-22T03:54:09.827492+00:00 Ubuntu kernel: hid-generic 0003:80EE:0021.0001: input,hidraw0: USB HID v1.10 Mouse [VirtualBox USB Tablet] on usb-0000:00:06.0-1/input0
2024-10-22T03:54:09.827498+00:00 Ubuntu kernel: e1000 0000:00:03.0 eth0: (PCI:33MHz:32-bit) 08:00:27:c8:39:a0
2024-10-22T03:54:09.827499+00:00 Ubuntu kernel: e1000 0000:00:03.0 eth0: Intel(R) PRO/1000 Network Connection
2024-10-22T03:54:09.827500+00:00 Ubuntu kernel: e1000 0000:00:03.0 enp0s3: renamed from eth0
2024-10-22T03:54:09.827500+00:00 Ubuntu kernel: EXT4-fs (sda2): mounted filesystem f5633202-e0b7-438c-8293-fc119e5ea46b ro with ordered data mode. Quota mode: none.
2024-10-22T03:54:09.827501+00:00 Ubuntu kernel: systemd[1]: Inserted module 'autofs4'
2024-10-22T03:54:09.827502+00:00 Ubuntu kernel: systemd[1]: systemd 255.4-1ubuntu8.4 running in system mode (+PAM +AUDIT +SELINUX +APPARMOR +IMA +SMACK +SECCOMP +GCRYPT -GNUTLS +OPENSSL +ACL +BLKID +CURL +ELFUTILS +FIDO2 +IDN2 -IDN +IPTC +KMOD +LIBCRYPTSETUP +LIBFDISK +PCRE2 -PWQUALITY +P11KIT +QRENCODE +TPM2 +BZIP2 +LZ4 +XZ +ZLIB +ZSTD -BPF_FRAMEWORK -XKBCOMMON +UTMP +SYSVINIT default-hierarchy=unified)
2024-10-22T03:54:09.827508+00:00 Ubuntu kernel: systemd[1]: Detected virtualization oracle.
2024-10-22T03:54:09.827509+00:00 Ubuntu kernel: systemd[1]: Detected architecture x86-64.
2024-10-22T03:54:09.827510+00:00 Ubuntu kernel: systemd[1]: Invalid DMI field header.
2024-10-22T03:54:09.827510+00:00 Ubuntu kernel: systemd[1]: Hostname set to <Ubuntu>.
2024-10-22T03:54:09.827510+00:00 Ubuntu kernel: random: crng init done
2024-10-22T03:54:09.827511+00:00 Ubuntu kernel: systemd[1]: Configuration file /run/systemd/system/netplan-ovs-cleanup.service is marked world-inaccessible. This has no effect as configuration data is accessible via APIs without restrictions. Proceeding anyway.
2024-10-22T03:54:09.827517+00:00 Ubuntu kernel: systemd[1]: Queued start job for default target graphical.target.
2024-10-22T03:54:09.827518+00:00 Ubuntu kernel: systemd[1]: Created slice system-modprobe.slice - Slice /system/modprobe.
2024-10-22T03:54:09.827519+00:00 Ubuntu kernel: systemd[1]: Created slice user.slice - User and Session Slice.
2024-10-22T03:54:09.827519+00:00 Ubuntu kernel: systemd[1]: Started systemd-ask-password-wall.path - Forward Password Requests to Wall Directory Watch.
2024-10-22T03:54:09.827520+00:00 Ubuntu kernel: systemd[1]: Set up automount proc-sys-fs-binfmt_misc.automount - Arbitrary Executable File Formats File System Automount Point.
2024-10-22T03:54:09.827525+00:00 Ubuntu kernel: systemd[1]: Reached target integritysetup.target - Local Integrity Protected Volumes.
2024-10-22T03:54:09.827527+00:00 Ubuntu kernel: systemd[1]: Reached target remote-fs.target - Remote File Systems.
2024-10-22T03:54:09.827527+00:00 Ubuntu kernel: systemd[1]: Reached target slices.target - Slice Units.
2024-10-22T03:54:09.827528+00:00 Ubuntu kernel: systemd[1]: Reached target snapd.mounts-pre.target - Mounting snaps.
2024-10-22T03:54:09.827528+00:00 Ubuntu kernel: systemd[1]: Reached target swap.target - Swaps.
2024-10-22T03:54:09.827528+00:00 Ubuntu kernel: systemd[1]: Reached target veritysetup.target - Local Verity Protected Volumes.
2024-10-22T03:54:09.827529+00:00 Ubuntu kernel: systemd[1]: Listening on syslog.socket - Syslog Socket.
2024-10-22T03:54:09.827535+00:00 Ubuntu kernel: systemd[1]: Listening on systemd-fsckd.socket - fsck to fsckd communication Socket.
2024-10-22T03:54:09.827536+00:00 Ubuntu kernel: systemd[1]: Listening on systemd-initctl.socket - initctl Compatibility Named Pipe.
2024-10-22T03:54:09.827537+00:00 Ubuntu kernel: systemd[1]: Listening on systemd-journald-dev-log.socket - Journal Socket (/dev/log).
2024-10-22T03:54:09.827537+00:00 Ubuntu kernel: systemd[1]: Listening on systemd-journald.socket - Journal Socket.
2024-10-22T03:54:09.827538+00:00 Ubuntu kernel: systemd[1]: Listening on systemd-oomd.socket - Userspace Out-Of-Memory (OOM) Killer Socket.
2024-10-22T03:54:09.827538+00:00 Ubuntu kernel: systemd[1]: systemd-pcrextend.socket - TPM2 PCR Extension (Varlink) was skipped because of an unmet condition check (ConditionSecurity=measured-uki).
2024-10-22T03:54:09.827544+00:00 Ubuntu kernel: systemd[1]: Listening on systemd-udevd-control.socket - udev Control Socket.
2024-10-22T03:54:09.827545+00:00 Ubuntu kernel: systemd[1]: Listening on systemd-udevd-kernel.socket - udev Kernel Socket.
2024-10-22T03:54:09.827546+00:00 Ubuntu kernel: systemd[1]: Mounting dev-hugepages.mount - Huge Pages File System...
2024-10-22T03:54:09.827546+00:00 Ubuntu kernel: systemd[1]: Mounting dev-mqueue.mount - POSIX Message Queue File System...
2024-10-22T03:54:09.827547+00:00 Ubuntu kernel: systemd[1]: Mounting sys-kernel-debug.mount - Kernel Debug File System...
2024-10-22T03:54:09.827547+00:00 Ubuntu kernel: systemd[1]: Mounting sys-kernel-tracing.mount - Kernel Trace File System...
2024-10-22T03:54:09.827553+00:00 Ubuntu kernel: systemd[1]: Starting systemd-journald.service - Journal Service...
2024-10-22T03:54:09.827554+00:00 Ubuntu kernel: systemd[1]: Starting keyboard-setup.service - Set the console keyboard layout...
2024-10-22T03:54:09.827555+00:00 Ubuntu kernel: systemd[1]: Starting kmod-static-nodes.service - Create List of Static Device Nodes...
2024-10-22T03:54:09.827555+00:00 Ubuntu kernel: systemd[1]: Starting modprobe@configfs.service - Load Kernel Module configfs...
2024-10-22T03:54:09.827556+00:00 Ubuntu kernel: systemd[1]: Starting modprobe@dm_mod.service - Load Kernel Module dm_mod...
2024-10-22T03:54:09.827556+00:00 Ubuntu kernel: systemd-journald[232]: Collecting audit messages is disabled.
2024-10-22T03:54:09.827557+00:00 Ubuntu kernel: systemd[1]: Starting modprobe@drm.service - Load Kernel Module drm...
2024-10-22T03:54:09.827563+00:00 Ubuntu kernel: systemd[1]: Starting modprobe@efi_pstore.service - Load Kernel Module efi_pstore...
2024-10-22T03:54:09.827564+00:00 Ubuntu kernel: systemd[1]: Starting modprobe@fuse.service - Load Kernel Module fuse...
2024-10-22T03:54:09.827565+00:00 Ubuntu kernel: systemd[1]: Starting modprobe@loop.service - Load Kernel Module loop...
2024-10-22T03:54:09.827565+00:00 Ubuntu kernel: systemd[1]: systemd-fsck-root.service - File System Check on Root Device was skipped because of an unmet condition check (ConditionPathExists=!/run/initramfs/fsck-root).
2024-10-22T03:54:09.827566+00:00 Ubuntu kernel: systemd[1]: Starting systemd-modules-load.service - Load Kernel Modules...
2024-10-22T03:54:09.827566+00:00 Ubuntu kernel: systemd[1]: systemd-pcrmachine.service - TPM2 PCR Machine ID Measurement was skipped because of an unmet condition check (ConditionSecurity=measured-uki).
2024-10-22T03:54:09.827572+00:00 Ubuntu kernel: systemd[1]: Starting systemd-remount-fs.service - Remount Root and Kernel File Systems...
2024-10-22T03:54:09.827573+00:00 Ubuntu kernel: systemd[1]: systemd-tpm2-setup-early.service - TPM2 SRK Setup (Early) was skipped because of an unmet condition check (ConditionSecurity=measured-uki).
2024-10-22T03:54:09.827574+00:00 Ubuntu kernel: systemd[1]: Starting systemd-udev-trigger.service - Coldplug All udev Devices...
2024-10-22T03:54:09.827575+00:00 Ubuntu kernel: systemd[1]: Started systemd-journald.service - Journal Service.
2024-10-22T03:54:09.827575+00:00 Ubuntu kernel: lp: driver loaded but no devices found
2024-10-22T03:54:09.827575+00:00 Ubuntu kernel: EXT4-fs (sda2): re-mounted f5633202-e0b7-438c-8293-fc119e5ea46b r/w. Quota mode: none.
2024-10-22T03:54:09.827581+00:00 Ubuntu kernel: ppdev: user-space parallel port driver
2024-10-22T03:54:09.827583+00:00 Ubuntu kernel: systemd-journald[232]: Received client request to flush runtime journal.
2024-10-22T03:54:09.827583+00:00 Ubuntu kernel: loop0: detected capacity change from 0 to 8
2024-10-22T03:54:09.827584+00:00 Ubuntu kernel: loop1: detected capacity change from 0 to 152112
2024-10-22T03:54:09.827584+00:00 Ubuntu kernel: loop2: detected capacity change from 0 to 21952
2024-10-22T03:54:09.827585+00:00 Ubuntu kernel: loop3: detected capacity change from 0 to 552488
2024-10-22T03:54:09.827633+00:00 Ubuntu kernel: loop4: detected capacity change from 0 to 1034424
2024-10-22T03:54:09.827635+00:00 Ubuntu kernel: loop5: detected capacity change from 0 to 187776
2024-10-22T03:54:09.827636+00:00 Ubuntu kernel: loop6: detected capacity change from 0 to 21584
2024-10-22T03:54:09.827636+00:00 Ubuntu kernel: loop7: detected capacity change from 0 to 79520
2024-10-22T03:54:09.827637+00:00 Ubuntu kernel: loop8: detected capacity change from 0 to 1000
2024-10-22T03:54:09.827637+00:00 Ubuntu kernel: audit: type=1400 audit(1729569207.445:2): apparmor="STATUS" operation="profile_load" profile="unconfined" name="1password" pid=335 comm="apparmor_parser"
2024-10-22T03:54:09.827643+00:00 Ubuntu kernel: audit: type=1400 audit(1729569207.463:3): apparmor="STATUS" operation="profile_load" profile="unconfined" name="Discord" pid=337 comm="apparmor_parser"
2024-10-22T03:54:09.827645+00:00 Ubuntu kernel: audit: type=1400 audit(1729569207.510:4): apparmor="STATUS" operation="profile_load" profile="unconfined" name=4D6F6E676F444220436F6D70617373 pid=340 comm="apparmor_parser"
2024-10-22T03:54:09.827645+00:00 Ubuntu kernel: audit: type=1400 audit(1729569207.537:5): apparmor="STATUS" operation="profile_load" profile="unconfined" name="QtWebEngineProcess" pid=341 comm="apparmor_parser"
2024-10-22T03:54:09.827646+00:00 Ubuntu kernel: audit: type=1400 audit(1729569207.595:6): apparmor="STATUS" operation="profile_load" profile="unconfined" name="brave" pid=343 comm="apparmor_parser"
2024-10-22T03:54:09.827646+00:00 Ubuntu kernel: audit: type=1400 audit(1729569207.639:7): apparmor="STATUS" operation="profile_load" profile="unconfined" name="buildah" pid=344 comm="apparmor_parser"
2024-10-22T03:54:09.827652+00:00 Ubuntu kernel: audit: type=1400 audit(1729569207.689:8): apparmor="STATUS" operation="profile_load" profile="unconfined" name="busybox" pid=347 comm="apparmor_parser"
2024-10-22T03:54:09.827654+00:00 Ubuntu kernel: audit: type=1400 audit(1729569207.726:9): apparmor="STATUS" operation="profile_load" profile="unconfined" name="cam" pid=356 comm="apparmor_parser"
2024-10-22T03:54:09.827654+00:00 Ubuntu kernel: audit: type=1400 audit(1729569207.764:10): apparmor="STATUS" operation="profile_load" profile="unconfined" name="ch-checkns" pid=359 comm="apparmor_parser"
2024-10-22T03:54:09.827655+00:00 Ubuntu kernel: audit: type=1400 audit(1729569207.813:11): apparmor="STATUS" operation="profile_load" profile="unconfined" name="ch-run" pid=360 comm="apparmor_parser"
2024-10-22T03:54:09.827655+00:00 Ubuntu kernel: kauditd_printk_skb: 77 callbacks suppressed
2024-10-22T03:54:09.827658+00:00 Ubuntu kernel: audit: type=1400 audit(1729569213.370:89): apparmor="STATUS" operation="profile_load" profile="unconfined" name="ubuntu_pro_esm_cache" pid=470 comm="apparmor_parser"
2024-10-22T03:54:09.827664+00:00 Ubuntu kernel: audit: type=1400 audit(1729569213.378:90): apparmor="STATUS" operation="profile_load" profile="unconfined" name="ubuntu_pro_esm_cache//apt_methods" pid=470 comm="apparmor_parser"
2024-10-22T03:54:09.827665+00:00 Ubuntu kernel: audit: type=1400 audit(1729569213.381:91): apparmor="STATUS" operation="profile_load" profile="unconfined" name="ubuntu_pro_esm_cache//apt_methods_gpgv" pid=470 comm="apparmor_parser"
2024-10-22T03:54:09.827665+00:00 Ubuntu kernel: audit: type=1400 audit(1729569213.385:92): apparmor="STATUS" operation="profile_load" profile="unconfined" name="ubuntu_pro_esm_cache//cloud_id" pid=470 comm="apparmor_parser"
2024-10-22T03:54:09.827666+00:00 Ubuntu kernel: audit: type=1400 audit(1729569213.392:93): apparmor="STATUS" operation="profile_load" profile="unconfined" name="ubuntu_pro_esm_cache//dpkg" pid=470 comm="apparmor_parser"
2024-10-22T03:54:09.827674+00:00 Ubuntu kernel: audit: type=1400 audit(1729569213.402:94): apparmor="STATUS" operation="profile_load" profile="unconfined" name="ubuntu_pro_esm_cache//ps" pid=470 comm="apparmor_parser"
2024-10-22T03:54:09.827676+00:00 Ubuntu kernel: audit: type=1400 audit(1729569213.403:95): apparmor="STATUS" operation="profile_load" profile="unconfined" name="ubuntu_pro_esm_cache//ubuntu_distro_info" pid=470 comm="apparmor_parser"
2024-10-22T03:54:09.827676+00:00 Ubuntu kernel: audit: type=1400 audit(1729569213.411:96): apparmor="STATUS" operation="profile_load" profile="unconfined" name="ubuntu_pro_esm_cache_systemctl" pid=470 comm="apparmor_parser"
